Component: ARM Compiler 5.06 update 4 (build 422) Tool: armlink [4d35d2]

==============================================================================

Section Cross References

    os_core.o(.text) refers to os_cpu_a.o(OSKernelschedular) for OS_CPU_SR_Save
    os_core.o(.text) refers to os_core.o(.data) for OSIntNesting
    os_core.o(.text) refers to os_core.o(.constdata) for OSUnMapTbl
    os_core.o(.text) refers to os_core.o(.bss) for OSTCBPrioTbl
    os_core.o(.text) refers to os_task.o(.text) for OSTaskStkChk
    os_core.o(.text) refers to os_time.o(.text) for OSTimeDly
    os_core.o(.text) refers to os_cpu_c.o(.text) for OSTaskStatHook
    os_core.o(.text) refers to os_flag.o(.text) for OS_FlagInit
    os_core.o(.text) refers to os_mem.o(.text) for OS_MemInit
    os_core.o(.text) refers to os_q.o(.text) for OS_QInit
    os_core.o(.text) refers to os_tmr.o(.text) for OSTmr_Init
    os_core.o(.text) refers to os_dbg.o(.text) for OSDebugInit
    os_flag.o(.text) refers to os_cpu_a.o(OSKernelschedular) for OS_CPU_SR_Save
    os_flag.o(.text) refers to os_core.o(.text) for OS_Sched
    os_flag.o(.text) refers to os_core.o(.data) for OSIntNesting
    os_flag.o(.text) refers to os_core.o(.bss) for OSFlagTbl
    os_mbox.o(.text) refers to os_cpu_a.o(OSKernelschedular) for OS_CPU_SR_Save
    os_mbox.o(.text) refers to os_core.o(.text) for OS_EventWaitListInit
    os_mbox.o(.text) refers to os_core.o(.data) for OSIntNesting
    os_mem.o(.text) refers to os_cpu_a.o(OSKernelschedular) for OS_CPU_SR_Save
    os_mem.o(.text) refers to os_core.o(.text) for OS_StrLen
    os_mem.o(.text) refers to os_core.o(.data) for OSMemFreeList
    os_mem.o(.text) refers to os_core.o(.bss) for OSMemTbl
    os_mutex.o(.text) refers to os_cpu_a.o(OSKernelschedular) for OS_CPU_SR_Save
    os_mutex.o(.text) refers to os_core.o(.text) for OS_EventWaitListInit
    os_mutex.o(.text) refers to os_core.o(.data) for OSIntNesting
    os_mutex.o(.text) refers to os_core.o(.bss) for OSTCBPrioTbl
    os_q.o(.text) refers to os_cpu_a.o(OSKernelschedular) for OS_CPU_SR_Save
    os_q.o(.text) refers to os_core.o(.text) for OS_EventWaitListInit
    os_q.o(.text) refers to os_core.o(.data) for OSIntNesting
    os_q.o(.text) refers to os_core.o(.bss) for OSQTbl
    os_sem.o(.text) refers to os_cpu_a.o(OSKernelschedular) for OS_CPU_SR_Save
    os_sem.o(.text) refers to os_core.o(.text) for OS_EventWaitListInit
    os_sem.o(.text) refers to os_core.o(.data) for OSIntNesting
    os_task.o(.text) refers to os_cpu_a.o(OSKernelschedular) for OS_CPU_SR_Save
    os_task.o(.text) refers to os_core.o(.text) for OS_Sched
    os_task.o(.text) refers to os_cpu_c.o(.text) for OSTaskStkInit
    os_task.o(.text) refers to os_flag.o(.text) for OS_FlagUnlink
    os_task.o(.text) refers to os_core.o(.bss) for OSTCBPrioTbl
    os_task.o(.text) refers to os_core.o(.data) for OSTCBCur
    os_time.o(.text) refers to os_cpu_a.o(OSKernelschedular) for OS_CPU_SR_Save
    os_time.o(.text) refers to os_core.o(.text) for OS_Sched
    os_time.o(.text) refers to os_core.o(.data) for OSIntNesting
    os_time.o(.text) refers to os_core.o(.bss) for OSTCBPrioTbl
    os_tmr.o(.text) refers to os_core.o(.text) for OSSchedLock
    os_tmr.o(.text) refers to os_core.o(.data) for OSTmrFreeList
    os_tmr.o(.text) refers to os_core.o(.bss) for OSTmrWheelTbl
    os_tmr.o(.text) refers to os_sem.o(.text) for OSSemPost
    os_tmr.o(.text) refers to os_task.o(.text) for OSTaskCreateExt
    os_dbg.o(.text) refers to os_dbg.o(.constdata) for OSDebugEn
    os_dbg.o(.text) refers to os_core.o(.bss) for OSTmrTbl
    os_cpu_a.o(OSKernelschedular) refers to os_core.o(.data) for OSRunning
    os_cpu_c.o(.text) refers to app_hooks.o(.text) for App_TaskCreateHook
    os_cpu_c.o(.text) refers to os_tmr.o(.text) for OSTmrSignal
    os_cpu_c.o(.text) refers to tmp.o(.text) for HoldTask
    os_cpu_c.o(.text) refers to os_cpu_a.o(OSKernelschedular) for OS_CPU_SR_Save
    os_cpu_c.o(.text) refers to os_core.o(.text) for OSTimeTick
    os_cpu_c.o(.text) refers to os_cpu_c.o(.bss) for OS_CPU_ExceptStk
    os_cpu_c.o(.text) refers to os_cpu_c.o(.data) for OS_CPU_ExceptStkBase
    os_cpu_c.o(.text) refers to os_task.o(.text) for OS_TaskReturn
    os_cpu_c.o(.text) refers to os_core.o(.data) for OSIntNesting
    app.o(.text) refers to system_lpc17xx.o(.text) for SystemInit
    app.o(.text) refers to gpio_test.o(.text) for GPIO_Test
    app.o(.text) refers to tmp.o(.text) for OneTaskTimes
    startup_lpc17xx.o(STACK) refers (Special) to heapauxi.o(.text) for __use_two_region_memory
    startup_lpc17xx.o(HEAP) refers (Special) to heapauxi.o(.text) for __use_two_region_memory
    startup_lpc17xx.o(RESET) refers (Special) to heapauxi.o(.text) for __use_two_region_memory
    startup_lpc17xx.o(RESET) refers to startup_lpc17xx.o(STACK) for __initial_sp
    startup_lpc17xx.o(RESET) refers to startup_lpc17xx.o(.text) for Reset_Handler
[...]
    EINT2_IRQHandler                         0x0000028f   Thumb Code     0  startup_lpc17xx.o(.text)
    EINT3_IRQHandler                         0x0000028f   Thumb Code     0  startup_lpc17xx.o(.text)
    ENET_IRQHandler                          0x0000028f   Thumb Code     0  startup_lpc17xx.o(.text)
    I2C0_IRQHandler                          0x0000028f   Thumb Code     0  startup_lpc17xx.o(.text)
    I2C1_IRQHandler                          0x0000028f   Thumb Code     0  startup_lpc17xx.o(.text)
    I2C2_IRQHandler                          0x0000028f   Thumb Code     0  startup_lpc17xx.o(.text)
    I2S_IRQHandler                           0x0000028f   Thumb Code     0  startup_lpc17xx.o(.text)
    MCPWM_IRQHandler                         0x0000028f   Thumb Code     0  startup_lpc17xx.o(.text)
    PLL0_IRQHandler                          0x0000028f   Thumb Code     0  startup_lpc17xx.o(.text)
    PLL1_IRQHandler                          0x0000028f   Thumb Code     0  startup_lpc17xx.o(.text)
    PWM1_IRQHandler                          0x0000028f   Thumb Code     0  startup_lpc17xx.o(.text)
    QEI_IRQHandler                           0x0000028f   Thumb Code     0  startup_lpc17xx.o(.text)
    RIT_IRQHandler                           0x0000028f   Thumb Code     0  startup_lpc17xx.o(.text)
    RTC_IRQHandler                           0x0000028f   Thumb Code     0  startup_lpc17xx.o(.text)
    SPI_IRQHandler                           0x0000028f   Thumb Code     0  startup_lpc17xx.o(.text)
    SSP0_IRQHandler                          0x0000028f   Thumb Code     0  startup_lpc17xx.o(.text)
    SSP1_IRQHandler                          0x0000028f   Thumb Code     0  startup_lpc17xx.o(.text)
    TIMER0_IRQHandler                        0x0000028f   Thumb Code     0  startup_lpc17xx.o(.text)
    TIMER1_IRQHandler                        0x0000028f   Thumb Code     0  startup_lpc17xx.o(.text)
    TIMER2_IRQHandler                        0x0000028f   Thumb Code     0  startup_lpc17xx.o(.text)
    TIMER3_IRQHandler                        0x0000028f   Thumb Code     0  startup_lpc17xx.o(.text)
    USBActivity_IRQHandler                   0x0000028f   Thumb Code     0  startup_lpc17xx.o(.text)
    USB_IRQHandler                           0x0000028f   Thumb Code     0  startup_lpc17xx.o(.text)
    WDT_IRQHandler                           0x0000028f   Thumb Code     0  startup_lpc17xx.o(.text)
    __user_initial_stackheap                 0x00000291   Thumb Code     0  startup_lpc17xx.o(.text)
    check_failed                             0x000002b1   Thumb Code     4  lpc17xx_libcfg_default.o(.text)
    GPIO_Test                                0x000002b5   Thumb Code    58  gpio_test.o(.text)
    __I$use$semihosting                      0x000002f9   Thumb Code     0  use_no_semi.o(.text)
    __use_no_semihosting_swi                 0x000002f9   Thumb Code     2  use_no_semi.o(.text)
    __I$use$fp                               0x000002fa   Number         0  usenofp.o(x$fpl$usenofp)
    __semihosting_library_function           0x000002fb   Thumb Code     0  indicate_semi.o(.text)
    OS_StrLen                                0x00000301   Thumb Code    20  os_core.o(.text)
    OSEventNameGet                           0x00000315   Thumb Code    98  os_core.o(.text)
    OSEventNameSet                           0x00000377   Thumb Code    84  os_core.o(.text)
    OS_EventTaskRemoveMulti                  0x000003cb   Thumb Code    58  os_core.o(.text)
    OS_Sched                                 0x0000041f   Thumb Code    88  os_core.o(.text)
    OS_EventTaskWaitMulti                    0x00000477   Thumb Code   136  os_core.o(.text)
    OSEventPendMulti                         0x000004ff   Thumb Code   712  os_core.o(.text)
    OS_TaskStatStkChk                        0x000007c7   Thumb Code    54  os_core.o(.text)
    OS_TaskStat                              0x000007fd   Thumb Code   116  os_core.o(.text)
    OS_TaskIdle                              0x000008a5   Thumb Code    34  os_core.o(.text)
    OS_MemClr                                0x000008fb   Thumb Code    18  os_core.o(.text)
    OSInit                                   0x00000a21   Thumb Code    56  os_core.o(.text)
    OSIntEnter                               0x00000a59   Thumb Code    28  os_core.o(.text)
    OSIntExit                                0x00000a75   Thumb Code   112  os_core.o(.text)
    OSSchedLock                              0x00000ae5   Thumb Code    50  os_core.o(.text)
    OSSchedUnlock                            0x00000b17   Thumb Code   232  os_core.o(.text)
    OSStart                                  0x00000bff   Thumb Code    48  os_core.o(.text)
    OSStatInit                               0x00000c2f   Thumb Code    62  os_core.o(.text)
    OSTimeTick                               0x00000c6d   Thumb Code   210  os_core.o(.text)
    OSVersion                                0x00000d3f   Thumb Code     6  os_core.o(.text)
    OS_Dummy                                 0x00000d45   Thumb Code     2  os_core.o(.text)
    OS_EventTaskRemove                       0x00000d47   Thumb Code    42  os_core.o(.text)
    OS_EventTaskRdy                          0x00000d71   Thumb Code   128  os_core.o(.text)
    OS_EventTaskWait                         0x00000df1   Thumb Code   112  os_core.o(.text)
    OS_EventWaitListInit                     0x00000e61   Thumb Code    28  os_core.o(.text)
    OS_MemCopy                               0x00000e7d   Thumb Code    20  os_core.o(.text)
    OS_TCBInit                               0x00000e91   Thumb Code   282  os_core.o(.text)
    OSFlagAccept                             0x00000ff1   Thumb Code   252  os_flag.o(.text)
    OSFlagCreate                             0x000010ed   Thumb Code    86  os_flag.o(.text)
    OS_FlagUnlink                            0x00001143   Thumb Code    36  os_flag.o(.text)
    OSFlagDel                                0x000011b9   Thumb Code   214  os_flag.o(.text)
    OSFlagNameGet                            0x0000128f   Thumb Code    80  os_flag.o(.text)
    OSFlagNameSet                            0x000012df   Thumb Code    66  os_flag.o(.text)
    OSFlagPend                               0x000013b9   Thumb Code   614  os_flag.o(.text)
    OSFlagPendGetFlagsRdy                    0x0000161f   Thumb Code    26  os_flag.o(.text)
    OSFlagPost                               0x00001639   Thumb Code   312  os_flag.o(.text)
    OSFlagQuery                              0x00001771   Thumb Code    48  os_flag.o(.text)
    OS_FlagInit                              0x000017a1   Thumb Code    78  os_flag.o(.text)
    OSMemCreate                              0x000017fd   Thumb Code   118  os_mem.o(.text)
    OSMemGet                                 0x00001873   Thumb Code    62  os_mem.o(.text)
    OSMemNameGet                             0x000018b1   Thumb Code    60  os_mem.o(.text)
    OSMemNameSet                             0x000018ed   Thumb Code    48  os_mem.o(.text)
    OSMemPut                                 0x0000191d   Thumb Code    54  os_mem.o(.text)
    OSMemQuery                               0x00001953   Thumb Code    52  os_mem.o(.text)
    OS_MemInit                               0x00001987   Thumb Code    74  os_mem.o(.text)
    OSQAccept                                0x000019e1   Thumb Code    88  os_q.o(.text)
    OSQCreate                                0x00001a39   Thumb Code   144  os_q.o(.text)
    OSQDel                                   0x00001ac9   Thumb Code   244  os_q.o(.text)
    OSQFlush                                 0x00001bbd   Thumb Code    36  os_q.o(.text)
    OSQPend                                  0x00001be1   Thumb Code   278  os_q.o(.text)
    OSQPendAbort                             0x00001cf7   Thumb Code   128  os_q.o(.text)
    OSQPost                                  0x00001d77   Thumb Code   114  os_q.o(.text)
    OSQPostFront                             0x00001de9   Thumb Code   142  os_q.o(.text)
    OSQPostOpt                               0x00001e77   Thumb Code   182  os_q.o(.text)
    OSQQuery                                 0x00001f2d   Thumb Code    98  os_q.o(.text)
    OS_QInit                                 0x00001f8f   Thumb Code    72  os_q.o(.text)
    OSSemAccept                              0x00001fe1   Thumb Code    42  os_sem.o(.text)
    OSSemCreate                              0x0000200b   Thumb Code    72  os_sem.o(.text)
    OSSemDel                                 0x00002053   Thumb Code   210  os_sem.o(.text)
    OSSemPend                                0x00002125   Thumb Code   228  os_sem.o(.text)
    OSSemPendAbort                           0x00002209   Thumb Code   128  os_sem.o(.text)
    OSSemPost                                0x00002289   Thumb Code    88  os_sem.o(.text)
    OSSemQuery                               0x000022e1   Thumb Code    76  os_sem.o(.text)
    OSSemSet                                 0x0000232d   Thumb Code    66  os_sem.o(.text)
    OSTaskChangePrio                         0x00002385   Thumb Code   396  os_task.o(.text)
    OSTaskCreate                             0x00002511   Thumb Code   148  os_task.o(.text)
    OS_TaskStkClr                            0x000025a5   Thumb Code    26  os_task.o(.text)
    OSTaskCreateExt                          0x000025bf   Thumb Code   170  os_task.o(.text)
    OSTaskDel                                0x00002669   Thumb Code   352  os_task.o(.text)
    OSTaskDelReq                             0x000027c9   Thumb Code   100  os_task.o(.text)
    OSTaskNameGet                            0x0000282d   Thumb Code   114  os_task.o(.text)
    OSTaskNameSet                            0x0000289f   Thumb Code    98  os_task.o(.text)
    OSTaskResume                             0x00002901   Thumb Code   154  os_task.o(.text)
    OSTaskStkChk                             0x0000299b   Thumb Code   132  os_task.o(.text)
    OSTaskSuspend                            0x00002a1f   Thumb Code   152  os_task.o(.text)
    OSTaskQuery                              0x00002ab7   Thumb Code    82  os_task.o(.text)
    OSTaskRegGet                             0x00002b09   Thumb Code    60  os_task.o(.text)
    OSTaskRegSet                             0x00002b45   Thumb Code    62  os_task.o(.text)
    OS_TaskReturn                            0x00002b83   Thumb Code    18  os_task.o(.text)
    OSTimeDly                                0x00002bad   Thumb Code   100  os_time.o(.text)
    OSTimeDlyHMSM                            0x00002c11   Thumb Code    86  os_time.o(.text)
    OSTimeDlyResume                          0x00002c67   Thumb Code   168  os_time.o(.text)
    OSTimeGet                                0x00002d0f   Thumb Code    24  os_time.o(.text)
    OSTimeSet                                0x00002d27   Thumb Code    24  os_time.o(.text)
    OSTmrCreate                              0x00002d8f   Thumb Code    96  os_tmr.o(.text)
    OSTmrDel                                 0x00002e67   Thumb Code   124  os_tmr.o(.text)
    OSTmrNameGet                             0x00002ee3   Thumb Code   114  os_tmr.o(.text)
    OSTmrRemainGet                           0x00002f55   Thumb Code   164  os_tmr.o(.text)
    OSTmrStateGet                            0x00002ff9   Thumb Code    86  os_tmr.o(.text)
    OSTmrStart                               0x000030b3   Thumb Code   128  os_tmr.o(.text)
    OSTmrStop                                0x00003133   Thumb Code   210  os_tmr.o(.text)
    OSTmrSignal                              0x00003205   Thumb Code    16  os_tmr.o(.text)
    OSTmr_Init                               0x000032b9   Thumb Code   172  os_tmr.o(.text)
    OSDebugInit                              0x000033cd   Thumb Code   118  os_dbg.o(.text)
    OSInitHookBegin                          0x00003529   Thumb Code    30  os_cpu_c.o(.text)
    OSInitHookEnd                            0x00003547   Thumb Code     2  os_cpu_c.o(.text)
    OSTaskCreateHook                         0x00003549   Thumb Code    12  os_cpu_c.o(.text)
    OSTaskDelHook                            0x00003555   Thumb Code    12  os_cpu_c.o(.text)
    OSTaskIdleHook                           0x00003561   Thumb Code     8  os_cpu_c.o(.text)
    OSTaskReturnHook                         0x00003569   Thumb Code    12  os_cpu_c.o(.text)
    OSTaskStatHook                           0x00003575   Thumb Code     8  os_cpu_c.o(.text)
    OSTaskStkInit                            0x0000357d   Thumb Code   152  os_cpu_c.o(.text)
    OSTaskSwHook                             0x00003615   Thumb Code     8  os_cpu_c.o(.text)
    OSTCBInitHook                            0x0000361d   Thumb Code    12  os_cpu_c.o(.text)
    OSTimeTickHook                           0x00003629   Thumb Code    34  os_cpu_c.o(.text)
    OS_CPU_SysTickHandler                    0x0000364b   Thumb Code    38  os_cpu_c.o(.text)
    OS_CPU_SysTickInit                       0x00003671   Thumb Code    42  os_cpu_c.o(.text)
    SystemCoreClockUpdate                    0x000036b9   Thumb Code   300  system_lpc17xx.o(.text)
    SystemInit                               0x000037e5   Thumb Code   318  system_lpc17xx.o(.text)
    UARTPutChar                              0x00003945   Thumb Code    18  debug_frmwrk.o(.text)
    UARTGetChar                              0x00003957   Thumb Code    26  debug_frmwrk.o(.text)
    UARTPuts                                 0x00003971   Thumb Code    28  debug_frmwrk.o(.text)
    UARTPuts_                                0x0000398d   Thumb Code    24  debug_frmwrk.o(.text)
    UARTPutDec                               0x000039a5   Thumb Code    96  debug_frmwrk.o(.text)
    UARTPutDec16                             0x00003a05   Thumb Code   160  debug_frmwrk.o(.text)
    UARTPutDec32                             0x00003aa5   Thumb Code   280  debug_frmwrk.o(.text)
    UARTPutHex                               0x00003bbd   Thumb Code    66  debug_frmwrk.o(.text)
    UARTPutHex16                             0x00003bff   Thumb Code    66  debug_frmwrk.o(.text)
    UARTPutHex32                             0x00003c41   Thumb Code    66  debug_frmwrk.o(.text)
    printfcom0                               0x00003c83   Thumb Code    68  debug_frmwrk.o(.text)
    printfcom2                               0x00003cc7   Thumb Code    68  debug_frmwrk.o(.text)
    debug_frmwrk_init                        0x00003d0b   Thumb Code   220  debug_frmwrk.o(.text)
    CLKPWR_SetPCLKDiv                        0x00003df5   Thumb Code    94  lpc17xx_clkpwr.o(.text)
    CLKPWR_GetPCLKSEL                        0x00003e53   Thumb Code    34  lpc17xx_clkpwr.o(.text)
    CLKPWR_GetPCLK                           0x00003e75   Thumb Code    58  lpc17xx_clkpwr.o(.text)
    CLKPWR_ConfigPPWR                        0x00003eaf   Thumb Code    46  lpc17xx_clkpwr.o(.text)
    CLKPWR_Sleep                             0x00003edd   Thumb Code    12  lpc17xx_clkpwr.o(.text)
    CLKPWR_DeepSleep                         0x00003ee9   Thumb Code    18  lpc17xx_clkpwr.o(.text)
    CLKPWR_PowerDown                         0x00003efb   Thumb Code    18  lpc17xx_clkpwr.o(.text)
    CLKPWR_DeepPowerDown                     0x00003f0d   Thumb Code    18  lpc17xx_clkpwr.o(.text)
    GetSecNum                                0x00003f35   Thumb Code    16  lpc17xx_iap.o(.text)
    PrepareSector                            0x00003f45   Thumb Code    34  lpc17xx_iap.o(.text)
    CopyRAM2Flash                            0x00003f67   Thumb Code    80  lpc17xx_iap.o(.text)
    EraseSector                              0x00003fb7   Thumb Code    64  lpc17xx_iap.o(.text)
    BlankCheckSector                         0x00003ff7   Thumb Code    56  lpc17xx_iap.o(.text)
    ReadPartID                               0x0000402f   Thumb Code    38  lpc17xx_iap.o(.text)
    ReadBootCodeVer                          0x00004055   Thumb Code    48  lpc17xx_iap.o(.text)
    ReadDeviceSerialNum                      0x00004085   Thumb Code    58  lpc17xx_iap.o(.text)
    Compare                                  0x000040bf   Thumb Code    38  lpc17xx_iap.o(.text)
    InvokeISP                                0x000040e5   Thumb Code    22  lpc17xx_iap.o(.text)
    PINSEL_ConfigTraceFunc                   0x000041ab   Thumb Code    34  lpc17xx_pinsel.o(.text)
    PINSEL_SetI2C0Pins                       0x000041cd   Thumb Code    16  lpc17xx_pinsel.o(.text)
    PINSEL_ConfigPin                         0x000041dd   Thumb Code    36  lpc17xx_pinsel.o(.text)
    SYSTICK_InternalInit                     0x00004205   Thumb Code    90  lpc17xx_systick.o(.text)
    SYSTICK_ExternalInit                     0x0000425f   Thumb Code   110  lpc17xx_systick.o(.text)
    SYSTICK_Cmd                              0x000042cd   Thumb Code    60  lpc17xx_systick.o(.text)
    SYSTICK_IntCmd                           0x00004309   Thumb Code    60  lpc17xx_systick.o(.text)
    SYSTICK_GetCurrentValue                  0x00004345   Thumb Code     8  lpc17xx_systick.o(.text)
    SYSTICK_ClearCounterFlag                 0x0000434d   Thumb Code    18  lpc17xx_systick.o(.text)
    UART_Init                                0x00004555   Thumb Code   490  lpc17xx_uart.o(.text)
    UART_TxCmd                               0x0000473f   Thumb Code   174  lpc17xx_uart.o(.text)
    UART_DeInit                              0x000047ed   Thumb Code   112  lpc17xx_uart.o(.text)
    UART_ConfigStructInit                    0x0000485d   Thumb Code    18  lpc17xx_uart.o(.text)
    UART_SendByte                            0x0000486f   Thumb Code    58  lpc17xx_uart.o(.text)
    UART_ReceiveByte                         0x000048a9   Thumb Code    56  lpc17xx_uart.o(.text)
    UART_Send                                0x000048e1   Thumb Code   152  lpc17xx_uart.o(.text)
    UART_Receive                             0x00004979   Thumb Code   124  lpc17xx_uart.o(.text)
    UART_ForceBreak                          0x000049f5   Thumb Code    68  lpc17xx_uart.o(.text)
    UART_IntConfig                           0x00004a39   Thumb Code   260  lpc17xx_uart.o(.text)
    UART_GetLineStatus                       0x00004b3d   Thumb Code    56  lpc17xx_uart.o(.text)
    UART_GetIntId                            0x00004b75   Thumb Code    70  lpc17xx_uart.o(.text)
    UART_CheckBusy                           0x00004bbb   Thumb Code    18  lpc17xx_uart.o(.text)
    UART_FIFOConfig                          0x00004bcd   Thumb Code   254  lpc17xx_uart.o(.text)
    UART_FIFOConfigStructInit                0x00004ccb   Thumb Code    14  lpc17xx_uart.o(.text)
    UART_ABCmd                               0x00004cd9   Thumb Code   192  lpc17xx_uart.o(.text)
    UART_ABClearIntPending                   0x00004d99   Thumb Code    66  lpc17xx_uart.o(.text)
    UART_IrDAInvtInputCmd                    0x00004ddb   Thumb Code    80  lpc17xx_uart.o(.text)
    UART_IrDACmd                             0x00004e2b   Thumb Code    78  lpc17xx_uart.o(.text)
    UART_IrDAPulseDivConfig                  0x00004e79   Thumb Code   102  lpc17xx_uart.o(.text)
    UART_FullModemForcePinState              0x00004edf   Thumb Code   118  lpc17xx_uart.o(.text)
    UART_FullModemConfigMode                 0x00004f55   Thumb Code   146  lpc17xx_uart.o(.text)
    UART_FullModemGetStatus                  0x00004fe7   Thumb Code    28  lpc17xx_uart.o(.text)
    UART_RS485Config                         0x00005003   Thumb Code   300  lpc17xx_uart.o(.text)
    UART_RS485ReceiverCmd                    0x0000512f   Thumb Code    32  lpc17xx_uart.o(.text)
    UART_RS485Send                           0x0000514f   Thumb Code    88  lpc17xx_uart.o(.text)
    UART_RS485SendSlvAddr                    0x000051a7   Thumb Code    18  lpc17xx_uart.o(.text)
    UART_RS485SendData                       0x000051b9   Thumb Code    22  lpc17xx_uart.o(.text)
    WDT_Init                                 0x00005303   Thumb Code    90  lpc17xx_wdt.o(.text)
    WDT_Feed                                 0x0000535d   Thumb Code    16  lpc17xx_wdt.o(.text)
    WDT_Start                                0x0000536d   Thumb Code    44  lpc17xx_wdt.o(.text)
    WDT_ReadTimeOutFlag                      0x00005399   Thumb Code    12  lpc17xx_wdt.o(.text)
    WDT_ClrTimeOutFlag                       0x000053a5   Thumb Code    18  lpc17xx_wdt.o(.text)
    WDT_UpdateTimeOut                        0x000053b7   Thumb Code    28  lpc17xx_wdt.o(.text)
    WDT_GetCurrentCount                      0x000053d3   Thumb Code     8  lpc17xx_wdt.o(.text)
    GPIO_SetDir                              0x000054a1   Thumb Code    40  lpc17xx_gpio.o(.text)
    GPIO_SetValue                            0x000054c9   Thumb Code    20  lpc17xx_gpio.o(.text)
    GPIO_ClearValue                          0x000054dd   Thumb Code    20  lpc17xx_gpio.o(.text)
    GPIO_ReadValue                           0x000054f1   Thumb Code    22  lpc17xx_gpio.o(.text)
    GPIO_IntCmd                              0x00005507   Thumb Code    60  lpc17xx_gpio.o(.text)
    GPIO_GetIntStatus                        0x00005543   Thumb Code    86  lpc17xx_gpio.o(.text)
    GPIO_ClearInt                            0x00005599   Thumb Code    28  lpc17xx_gpio.o(.text)
    FIO_SetDir                               0x000055b5   Thumb Code    20  lpc17xx_gpio.o(.text)
    FIO_SetValue                             0x000055c9   Thumb Code    16  lpc17xx_gpio.o(.text)
    FIO_ClearValue                           0x000055d9   Thumb Code    16  lpc17xx_gpio.o(.text)
    FIO_ReadValue                            0x000055e9   Thumb Code    12  lpc17xx_gpio.o(.text)
    FIO_IntCmd                               0x000055f5   Thumb Code    20  lpc17xx_gpio.o(.text)
    FIO_GetIntStatus                         0x00005609   Thumb Code    20  lpc17xx_gpio.o(.text)
    FIO_ClearInt                             0x0000561d   Thumb Code    16  lpc17xx_gpio.o(.text)
    FIO_SetMask                              0x0000562d   Thumb Code    40  lpc17xx_gpio.o(.text)
    FIO_HalfWordSetDir                       0x00005655   Thumb Code    62  lpc17xx_gpio.o(.text)
    FIO_HalfWordSetMask                      0x00005693   Thumb Code    62  lpc17xx_gpio.o(.text)
    FIO_HalfWordSetValue                     0x000056d1   Thumb Code    32  lpc17xx_gpio.o(.text)
    FIO_HalfWordClearValue                   0x000056f1   Thumb Code    32  lpc17xx_gpio.o(.text)
    FIO_HalfWordReadValue                    0x00005711   Thumb Code    30  lpc17xx_gpio.o(.text)
    FIO_ByteSetDir                           0x0000572f   Thumb Code    50  lpc17xx_gpio.o(.text)
    FIO_ByteSetMask                          0x00005761   Thumb Code    66  lpc17xx_gpio.o(.text)
    FIO_ByteSetValue                         0x000057a3   Thumb Code    34  lpc17xx_gpio.o(.text)
    FIO_ByteClearValue                       0x000057c5   Thumb Code    34  lpc17xx_gpio.o(.text)
    FIO_ByteReadValue                        0x000057e7   Thumb Code    42  lpc17xx_gpio.o(.text)
    WriteSoftSpiCSF                          0x00005811   Thumb Code    30  mx25l1602drv.o(.text)
    CE_Low                                   0x0000582f   Thumb Code    10  mx25l1602drv.o(.text)
    CE_High                                  0x00005839   Thumb Code    10  mx25l1602drv.o(.text)
    InitFlashIO                              0x00005843   Thumb Code    60  mx25l1602drv.o(.text)
    WriteSCKF                                0x0000587f   Thumb Code    30  mx25l1602drv.o(.text)
    ReadSCKF                                 0x0000589d   Thumb Code    18  mx25l1602drv.o(.text)
    WriteMOSIF                               0x000058af   Thumb Code    30  mx25l1602drv.o(.text)
    ReadMOSIF                                0x000058cd   Thumb Code    18  mx25l1602drv.o(.text)
    WriteMISOF                               0x000058df   Thumb Code    30  mx25l1602drv.o(.text)
    ReadMISOF                                0x000058fd   Thumb Code    18  mx25l1602drv.o(.text)
    SendOrRecByte_SPIF                       0x0000590f   Thumb Code    74  mx25l1602drv.o(.text)
    SendByte_SPIF                            0x00005959   Thumb Code    12  mx25l1602drv.o(.text)
    RecByte_SPIF                             0x00005965   Thumb Code    12  mx25l1602drv.o(.text)
    SPIInit                                  0x00005971   Thumb Code     2  mx25l1602drv.o(.text)
    Send_Byte                                0x00005973   Thumb Code    12  mx25l1602drv.o(.text)
    Get_Byte                                 0x0000597f   Thumb Code     8  mx25l1602drv.o(.text)
    MX25L1602_RD                             0x00005987   Thumb Code    90  mx25l1602drv.o(.text)
    MX25L1602_RdID                           0x000059e1   Thumb Code   108  mx25l1602drv.o(.text)
    MX25L1602_Erase                          0x00005a4d   Thumb Code   512  mx25l1602drv.o(.text)
    MX25L1602_WR                             0x00005c4d   Thumb Code   270  mx25l1602drv.o(.text)
    JudgeFlashIDErrFlg                       0x00005d5b   Thumb Code    88  mx25l1602drv.o(.text)
    myDelay                                  0x00005dd5   Thumb Code    28  gpio_app.o(.text)
    GetSysTime                               0x00005df1   Thumb Code     8  gpio_app.o(.text)
    DelayX10ms                               0x00005df9   Thumb Code    36  gpio_app.o(.text)
    GPIO_SetOrClearValue                     0x00005e1d   Thumb Code    88  gpio_app.o(.text)
    GPIO_PinselConfig                        0x00005e75   Thumb Code    66  gpio_app.o(.text)
    GPIO_ReadIoVal                           0x00005eb7   Thumb Code    80  gpio_app.o(.text)
    WriteEN_485_1                            0x00005f0d   Thumb Code    26  uart1.o(.text)
    UART1_IRQHandler                         0x00005f27   Thumb Code   250  uart1.o(.text)
    HoldCOM1ConnSta                          0x00006021   Thumb Code    50  uart1.o(.text)
    GetCOM1FramRecEndFlg                     0x00006053   Thumb Code     6  uart1.o(.text)
    ClearCOM1FramRecEndFlg                   0x00006059   Thumb Code     8  uart1.o(.text)
    GetCOM1EndFlg                            0x00006061   Thumb Code    24  uart1.o(.text)
    ClearCOM1EndFlg                          0x00006079   Thumb Code    22  uart1.o(.text)
    UART1Init                                0x0000608f   Thumb Code   188  uart1.o(.text)
    ReadCOM1                                 0x0000614b   Thumb Code    42  uart1.o(.text)
    ReadCOM1NoClear                          0x00006175   Thumb Code    42  uart1.o(.text)
    GetUART1Status                           0x0000619f   Thumb Code    10  uart1.o(.text)
    SendCOM1                                 0x000061a9   Thumb Code    84  uart1.o(.text)
    SendCOM1s                                0x000061fd   Thumb Code    16  uart1.o(.text)
    WriteEN_485_2                            0x00006249   Thumb Code    26  uart2.o(.text)
    UART2_IRQHandler                         0x00006263   Thumb Code   250  uart2.o(.text)
    HoldCOM2ConnSta                          0x0000635d   Thumb Code    50  uart2.o(.text)
    GetCOM2FramRecEndFlg                     0x0000638f   Thumb Code     6  uart2.o(.text)
    ClearCOM2FramRecEndFlg                   0x00006395   Thumb Code     8  uart2.o(.text)
    GetCOM2EndFlg                            0x0000639d   Thumb Code    24  uart2.o(.text)
    ClearCOM2EndFlg                          0x000063b5   Thumb Code    22  uart2.o(.text)
    UART2Init                                0x000063cb   Thumb Code   188  uart2.o(.text)
    ReadCOM2                                 0x00006487   Thumb Code    42  uart2.o(.text)
    ReadCOM2NoClear                          0x000064b1   Thumb Code    42  uart2.o(.text)
    GetUART2Status                           0x000064db   Thumb Code    10  uart2.o(.text)
    SendCOM2                                 0x000064e5   Thumb Code    84  uart2.o(.text)
    SendCOM2s                                0x00006539   Thumb Code    16  uart2.o(.text)
    WriteEN_485_3                            0x00006585   Thumb Code    26  uart3.o(.text)
    UART3_IRQHandler                         0x0000659f   Thumb Code   250  uart3.o(.text)
    HoldCOM3ConnSta                          0x00006699   Thumb Code    50  uart3.o(.text)
    GetCOM3FramRecEndFlg                     0x000066cb   Thumb Code     6  uart3.o(.text)
    ClearCOM3FramRecEndFlg                   0x000066d1   Thumb Code     8  uart3.o(.text)
    GetCOM3EndFlg                            0x000066d9   Thumb Code    24  uart3.o(.text)
    ClearCOM3EndFlg                          0x000066f1   Thumb Code    22  uart3.o(.text)
    UART3Init                                0x00006707   Thumb Code   188  uart3.o(.text)
    ReadCOM3                                 0x000067c3   Thumb Code    42  uart3.o(.text)
    ReadCOM3NoClear                          0x000067ed   Thumb Code    42  uart3.o(.text)
    GetUart3Status                           0x00006817   Thumb Code    10  uart3.o(.text)
    SendCOM3                                 0x00006821   Thumb Code    84  uart3.o(.text)
    SendCOM3s                                0x00006875   Thumb Code    16  uart3.o(.text)
    GetCom3FramRecEndFlg                     0x00006885   Thumb Code     6  uart3.o(.text)
    ClearCom3FramRecEndFlg                   0x0000688b   Thumb Code     8  uart3.o(.text)
    WriteEN_485_0                            0x000068d1   Thumb Code    26  uart0.o(.text)
    UART0_IRQHandler                         0x000068eb   Thumb Code   170  uart0.o(.text)
    HoldCOM0ConnSta                          0x00006995   Thumb Code    50  uart0.o(.text)
    GetCOM0EndFlg                            0x000069c7   Thumb Code    12  uart0.o(.text)
    ClearCOM0EndFlg                          0x000069d3   Thumb Code    16  uart0.o(.text)
    UART0Init                                0x000069e3   Thumb Code   188  uart0.o(.text)
    ReadCOM0                                 0x00006a9f   Thumb Code    42  uart0.o(.text)
    ReadCOM0NoClear                          0x00006ac9   Thumb Code    42  uart0.o(.text)
    GetUart0Status                           0x00006af3   Thumb Code    10  uart0.o(.text)
    SendCOM0                                 0x00006afd   Thumb Code    72  uart0.o(.text)
    SendCOM0s                                0x00006b45   Thumb Code    16  uart0.o(.text)
    GetCOM0FramRecEndFlg                     0x00006b55   Thumb Code     6  uart0.o(.text)
    ClearCOM0FramRecEndFlg                   0x00006b5b   Thumb Code     8  uart0.o(.text)
    GetCrc16Check                            0x00006b95   Thumb Code    44  crccheck.o(.text)
    GetModBusCrc16                           0x00006bc1   Thumb Code    48  crccheck.o(.text)
    GetModBusCrc16Up                         0x00006bf1   Thumb Code    48  crccheck.o(.text)
    GetCRCR16_8408_FFFF_FFFF_Table           0x00006c21   Thumb Code    74  crccheck.o(.text)
    GetCheckSum                              0x00006c6b   Thumb Code    32  crccheck.o(.text)
    GetCheckSumNR                            0x00006c8b   Thumb Code    44  crccheck.o(.text)
    nop                                      0x00006cb7   Thumb Code     2  crccheck.o(.text)
    InitFIFO                                 0x00006cc9   Thumb Code    12  fifo.o(.text)
    ClearFIFO                                0x00006cd5   Thumb Code     8  fifo.o(.text)
    GetNoReadSizeFIFO                        0x00006cdd   Thumb Code    26  fifo.o(.text)
    GetNoWriteSizeFIFO                       0x00006cf7   Thumb Code    18  fifo.o(.text)
    WriteFIFO                                0x00006d09   Thumb Code    94  fifo.o(.text)
    ReadFIFO                                 0x00006d67   Thumb Code    94  fifo.o(.text)
    OnlyReadFIFO                             0x00006dc5   Thumb Code    90  fifo.o(.text)
    IO0PIN_R                                 0x00006e21   Thumb Code     2  tmp.o(.text)
    IO0CLR_W                                 0x00006e23   Thumb Code     2  tmp.o(.text)
    IO0SET_W                                 0x00006e25   Thumb Code     2  tmp.o(.text)
    IO0DIR_IN                                0x00006e27   Thumb Code     2  tmp.o(.text)
    IO0DIR_OUT                               0x00006e29   Thumb Code     2  tmp.o(.text)
    IO1DIR_OUT                               0x00006e2b   Thumb Code     2  tmp.o(.text)
    NOP                                      0x00006e2d   Thumb Code     8  tmp.o(.text)
    IO2DIR_OUT                               0x00006e35   Thumb Code     2  tmp.o(.text)
    IO2PIN_W                                 0x00006e37   Thumb Code     2  tmp.o(.text)
    IO1PIN_W                                 0x00006e39   Thumb Code     2  tmp.o(.text)
    ReadFlsh                                 0x00006e3b   Thumb Code    20  tmp.o(.text)
    WriteFlsh                                0x00006e4f   Thumb Code    20  tmp.o(.text)
    IO0PIN_W                                 0x00006e63   Thumb Code     2  tmp.o(.text)
    GetHostEvtFlg                            0x00006e65   Thumb Code     6  tmp.o(.text)
    JudgeStartEvt                            0x00006e6b   Thumb Code    28  tmp.o(.text)
    PrinfSysInfo                             0x00006e87   Thumb Code     2  tmp.o(.text)
    OneTask                                  0x00006e89   Thumb Code    30  tmp.o(.text)
    HoldTask                                 0x00006ea7   Thumb Code    10  tmp.o(.text)
    IncDisplay                               0x00006eb1   Thumb Code     2  tmp.o(.text)
    OneTaskTimes                             0x00006eb3   Thumb Code     4  tmp.o(.text)
    GetRecSlaveAddr                          0x00006ecd   Thumb Code     6  csnr.o(.text)
    GetRecFramNum                            0x00006ed3   Thumb Code     6  csnr.o(.text)
    CSNR_GetData                             0x00006ed9   Thumb Code   318  csnr.o(.text)
    GetFramNum                               0x00007017   Thumb Code     6  csnr.o(.text)
    SetFramNum                               0x0000701d   Thumb Code     6  csnr.o(.text)
    AddFramNum                               0x00007023   Thumb Code    12  csnr.o(.text)
    DataSend_CSNR                            0x0000702f   Thumb Code   278  csnr.o(.text)
    GetFramRecEndFlgIAP                      0x00007185   Thumb Code    18  iap_program_mcu.o(.text)
    ClearFramRecEndFlgIAP                    0x00007197   Thumb Code    12  iap_program_mcu.o(.text)
    ReadRs485DataIAP                         0x000071a3   Thumb Code    54  iap_program_mcu.o(.text)
    Boot                                     0x000071d9   Thumb Code    54  iap_program_mcu.o(.text)
    IAP_pragramDeal                          0x0000720f   Thumb Code   360  iap_program_mcu.o(.text)
    IAP_WriteParaFlash                       0x00007377   Thumb Code    86  iap_program_mcu.o(.text)
    IAP_CopyAppToFlash                       0x000073cd   Thumb Code   160  iap_program_mcu.o(.text)
    IAP_ReadParaFlash                        0x0000746d   Thumb Code    22  iap_program_mcu.o(.text)
    IAP_ProgramCopy                          0x00007483   Thumb Code   100  iap_program_mcu.o(.text)
    IAP_PragramTask                          0x000074e7   Thumb Code   766  iap_program_mcu.o(.text)
    UnLightLed                               0x00007831   Thumb Code    36  led.o(.text)
    LightLed                                 0x00007855   Thumb Code    38  led.o(.text)
    OnLed                                    0x0000787b   Thumb Code   180  led.o(.text)
    OnAllLed                                 0x0000792f   Thumb Code    30  led.o(.text)
    OffLed                                   0x0000794d   Thumb Code    78  led.o(.text)
    OffAllLed                                0x0000799b   Thumb Code    22  led.o(.text)
    HoldLed                                  0x000079b1   Thumb Code   206  led.o(.text)
    InitLed                                  0x00007a7f   Thumb Code   104  led.o(.text)
    FeedDog                                  0x00007af9   Thumb Code     8  watchdog.o(.text)
    InitWatchDog                             0x00007b01   Thumb Code    22  watchdog.o(.text)
    ResetSys                                 0x00007b17   Thumb Code     4  watchdog.o(.text)
    __aeabi_uldivmod                         0x00007b21   Thumb Code     0  lludivv7m.o(.text)
    _ll_udiv                                 0x00007b21   Thumb Code   238  lludivv7m.o(.text)
    __c89vsprintf                            0x00007c11   Thumb Code    32  c89vsprintf.o(.text)
    strlen                                   0x00007c35   Thumb Code    62  strlen.o(.text)
    __aeabi_memcpy                           0x00007c73   Thumb Code     0  rt_memcpy_v6.o(.text)
    __rt_memcpy                              0x00007c73   Thumb Code   138  rt_memcpy_v6.o(.text)
    _memcpy_lastbytes                        0x00007cd9   Thumb Code     0  rt_memcpy_v6.o(.text)
    __aeabi_memcpy4                          0x00007cfd   Thumb Code     0  rt_memcpy_w.o(.text)
    __aeabi_memcpy8                          0x00007cfd   Thumb Code     0  rt_memcpy_w.o(.text)
    __rt_memcpy_w                            0x00007cfd   Thumb Code   100  rt_memcpy_w.o(.text)
    _memcpy_lastbytes_aligned                0x00007d45   Thumb Code     0  rt_memcpy_w.o(.text)
    __aeabi_memclr4                          0x00007d61   Thumb Code     0  rt_memclr_w.o(.text)
    __aeabi_memclr8                          0x00007d61   Thumb Code     0  rt_memclr_w.o(.text)
    __rt_memclr_w                            0x00007d61   Thumb Code    78  rt_memclr_w.o(.text)
    _memset_w                                0x00007d65   Thumb Code     0  rt_memclr_w.o(.text)
    strcmp                                   0x00007db1   Thumb Code   128  strcmpv7m.o(.text)
    __use_two_region_memory                  0x00007e31   Thumb Code     2  heapauxi.o(.text)
    __rt_heap_escrow$2region                 0x00007e33   Thumb Code     2  heapauxi.o(.text)
    __rt_heap_expand$2region                 0x00007e35   Thumb Code     2  heapauxi.o(.text)
    _printf_pre_padding                      0x00007e37   Thumb Code    44  _printf_pad.o(.text)
    _printf_post_padding                     0x00007e63   Thumb Code    34  _printf_pad.o(.text)
    _printf_truncate_signed                  0x00007e85   Thumb Code    18  _printf_truncate.o(.text)
    _printf_truncate_unsigned                0x00007e97   Thumb Code    18  _printf_truncate.o(.text)
    _printf_str                              0x00007ea9   Thumb Code    82  _printf_str.o(.text)
    _printf_int_dec                          0x00007efd   Thumb Code   104  _printf_dec.o(.text)
    _printf_charcount                        0x00007f75   Thumb Code    40  _printf_charcount.o(.text)
    _printf_char_common                      0x00007fa7   Thumb Code    32  _printf_char_common.o(.text)
    _sputc                                   0x00007fcd   Thumb Code    10  _sputc.o(.text)
    _printf_wctomb                           0x00007fd9   Thumb Code   182  _printf_wctomb.o(.text)
    _printf_longlong_dec                     0x00008095   Thumb Code   108  _printf_longlong_dec.o(.text)
    _printf_longlong_oct                     0x00008111   Thumb Code    66  _printf_oct_int_ll.o(.text)
    _printf_int_oct                          0x00008153   Thumb Code    24  _printf_oct_int_ll.o(.text)
    _printf_ll_oct                           0x0000816b   Thumb Code    12  _printf_oct_int_ll.o(.text)
    _printf_longlong_hex                     0x00008181   Thumb Code    86  _printf_hex_int_ll_ptr.o(.text)
    _printf_int_hex                          0x000081d7   Thumb Code    28  _printf_hex_int_ll_ptr.o(.text)
    _printf_ll_hex                           0x000081f3   Thumb Code    12  _printf_hex_int_ll_ptr.o(.text)
    _printf_hex_ptr                          0x000081ff   Thumb Code    18  _printf_hex_int_ll_ptr.o(.text)
    __printf                                 0x00008215   Thumb Code   388  __printf_flags_ss_wp.o(.text)
    _ll_udiv10                               0x0000839d   Thumb Code   138  lludiv10.o(.text)
    _printf_int_common                       0x00008427   Thumb Code   178  _printf_intcommon.o(.text)
    __lib_sel_fp_printf                      0x000084d9   Thumb Code     2  _printf_fp_dec.o(.text)
    _printf_fp_dec_real                      0x00008687   Thumb Code   620  _printf_fp_dec.o(.text)
    _printf_cs_common                        0x000088f3   Thumb Code    20  _printf_char.o(.text)
    _printf_char                             0x00008907   Thumb Code    16  _printf_char.o(.text)
    _printf_string                           0x00008917   Thumb Code     8  _printf_char.o(.text)
    _printf_lcs_common                       0x0000891f   Thumb Code    20  _printf_wchar.o(.text)
    _printf_wchar                            0x00008933   Thumb Code    16  _printf_wchar.o(.text)
    _printf_wstring                          0x00008943   Thumb Code     8  _printf_wchar.o(.text)
    _wcrtomb                                 0x0000894b   Thumb Code    64  _wcrtomb.o(.text)
    __user_setup_stackheap                   0x0000898b   Thumb Code    74  sys_stackheap_outer.o(.text)
    __rt_ctype_table                         0x000089d5   Thumb Code    16  rt_ctype_table.o(.text)
    __rt_locale                              0x000089e5   Thumb Code     8  rt_locale_intlibspace.o(.text)
    _printf_fp_infnan                        0x000089ed   Thumb Code   112  _printf_fp_infnan.o(.text)
    _btod_etento                             0x00008a6d   Thumb Code   216  bigflt0.o(.text)
    exit                                     0x00008b49   Thumb Code    18  exit.o(.text)
    __user_libspace                          0x00008b5d   Thumb Code     8  libspace.o(.text)
    __user_perproc_libspace                  0x00008b5d   Thumb Code     0  libspace.o(.text)
    __user_perthread_libspace                0x00008b5d   Thumb Code     0  libspace.o(.text)
    _sys_exit                                0x00008b65   Thumb Code     8  sys_exit.o(.text)
    _btod_d2e                                0x00008b71   Thumb Code    62  btod.o(CL$$btod_d2e)
    _d2e_denorm_low                          0x00008baf   Thumb Code    70  btod.o(CL$$btod_d2e_denorm_low)
    _d2e_norm_op1                            0x00008bf5   Thumb Code    96  btod.o(CL$$btod_d2e_norm_op1)
    __btod_div_common                        0x00008c55   Thumb Code   696  btod.o(CL$$btod_div_common)
    _e2e                                     0x00008f8d   Thumb Code   198  btod.o(CL$$btod_e2e)
    _btod_ediv                               0x00009053   Thumb Code    40  btod.o(CL$$btod_ediv)
    _btod_emul                               0x0000907b   Thumb Code    40  btod.o(CL$$btod_emul)
    __btod_mult_common                       0x000090a3   Thumb Code   580  btod.o(CL$$btod_mult_common)
    OS_CPU_SR_Save                           0x000092e9   Thumb Code     0  os_cpu_a.o(OSKernelschedular)
    OS_CPU_SR_Restore                        0x000092f1   Thumb Code     0  os_cpu_a.o(OSKernelschedular)
    OSStartHighRdy                           0x000092f7   Thumb Code     0  os_cpu_a.o(OSKernelschedular)
    OSCtxSw                                  0x00009317   Thumb Code     0  os_cpu_a.o(OSKernelschedular)
    OSIntCtxSw                               0x00009321   Thumb Code     0  os_cpu_a.o(OSKernelschedular)
    OS_CPU_PendSVHandler                     0x0000932b   Thumb Code     0  os_cpu_a.o(OSKernelschedular)
    IntDisAll                                0x00009363   Thumb Code     0  os_cpu_a.o(OSKernelschedular)
    __ARM_fpclassify                         0x00009389   Thumb Code    40  fpclassify.o(i.__ARM_fpclassify)
    _is_digit                                0x000093b1   Thumb Code    14  __printf_wp.o(i._is_digit)
    _get_lc_numeric                          0x000093c1   Thumb Code    44  lc_numeric_c.o(locale$$code)
    _get_lc_ctype                            0x000093ed   Thumb Code    44  lc_ctype_c.o(locale$$code)
    __fpl_fcmp_Inf                           0x00009419   Thumb Code    24  fcmpi.o(x$fpl$fcmpinf)
    __aeabi_ui2f                             0x00009431   Thumb Code     0  fflt_clz.o(x$fpl$ffltu)
    _ffltu                                   0x00009431   Thumb Code    38  fflt_clz.o(x$fpl$ffltu)
    __aeabi_cfcmple                          0x00009459   Thumb Code     0  fleqf.o(x$fpl$fleqf)
    _fcmple                                  0x00009459   Thumb Code   104  fleqf.o(x$fpl$fleqf)
    __fpl_fcmple_InfNaN                      0x000094ab   Thumb Code     0  fleqf.o(x$fpl$fleqf)
    __fpl_fnaninf                            0x000094c1   Thumb Code   140  fnaninf.o(x$fpl$fnaninf)
    __aeabi_cfrcmple                         0x0000954d   Thumb Code     0  frleqf.o(x$fpl$frleqf)
    _frcmple                                 0x0000954d   Thumb Code    98  frleqf.o(x$fpl$frleqf)
    _printf_fp_dec                           0x000095af   Thumb Code     4  printf1.o(x$fpl$printf1)
    OSUnMapTbl                               0x000095b2   Data         256  os_core.o(.constdata)
    OSDebugEn                                0x000096b4   Data           2  os_dbg.o(.constdata)
    OSEndiannessTest                         0x000096b8   Data           4  os_dbg.o(.constdata)
    OSEventEn                                0x000096bc   Data           2  os_dbg.o(.constdata)
    OSEventMax                               0x000096be   Data           2  os_dbg.o(.constdata)
    OSEventNameEn                            0x000096c0   Data           2  os_dbg.o(.constdata)
    OSEventSize                              0x000096c2   Data           2  os_dbg.o(.constdata)
    OSEventTblSize                           0x000096c4   Data           2  os_dbg.o(.constdata)
    OSEventMultiEn                           0x000096c6   Data           2  os_dbg.o(.constdata)
    OSFlagEn                                 0x000096c8   Data           2  os_dbg.o(.constdata)
    OSFlagGrpSize                            0x000096ca   Data           2  os_dbg.o(.constdata)
    OSFlagNodeSize                           0x000096cc   Data           2  os_dbg.o(.constdata)
    OSFlagWidth                              0x000096ce   Data           2  os_dbg.o(.constdata)
    OSFlagMax                                0x000096d0   Data           2  os_dbg.o(.constdata)
    OSFlagNameEn                             0x000096d2   Data           2  os_dbg.o(.constdata)
    OSLowestPrio                             0x000096d4   Data           2  os_dbg.o(.constdata)
    OSMboxEn                                 0x000096d6   Data           2  os_dbg.o(.constdata)
    OSMemEn                                  0x000096d8   Data           2  os_dbg.o(.constdata)
    OSMemMax                                 0x000096da   Data           2  os_dbg.o(.constdata)
    OSMemNameEn                              0x000096dc   Data           2  os_dbg.o(.constdata)
    OSMemSize                                0x000096de   Data           2  os_dbg.o(.constdata)
    OSMemTblSize                             0x000096e0   Data           2  os_dbg.o(.constdata)
    OSMutexEn                                0x000096e2   Data           2  os_dbg.o(.constdata)
    OSPtrSize                                0x000096e4   Data           2  os_dbg.o(.constdata)
    OSQEn                                    0x000096e6   Data           2  os_dbg.o(.constdata)
    OSQMax                                   0x000096e8   Data           2  os_dbg.o(.constdata)
    OSQSize                                  0x000096ea   Data           2  os_dbg.o(.constdata)
    OSRdyTblSize                             0x000096ec   Data           2  os_dbg.o(.constdata)
    OSSemEn                                  0x000096ee   Data           2  os_dbg.o(.constdata)
    OSStkWidth                               0x000096f0   Data           2  os_dbg.o(.constdata)
    OSTaskCreateEn                           0x000096f2   Data           2  os_dbg.o(.constdata)
    OSTaskCreateExtEn                        0x000096f4   Data           2  os_dbg.o(.constdata)
    OSTaskDelEn                              0x000096f6   Data           2  os_dbg.o(.constdata)
    OSTaskIdleStkSize                        0x000096f8   Data           2  os_dbg.o(.constdata)
    OSTaskProfileEn                          0x000096fa   Data           2  os_dbg.o(.constdata)
    OSTaskMax                                0x000096fc   Data           2  os_dbg.o(.constdata)
    OSTaskNameEn                             0x000096fe   Data           2  os_dbg.o(.constdata)
    OSTaskStatEn                             0x00009700   Data           2  os_dbg.o(.constdata)
    OSTaskStatStkSize                        0x00009702   Data           2  os_dbg.o(.constdata)
    OSTaskStatStkChkEn                       0x00009704   Data           2  os_dbg.o(.constdata)
    OSTaskSwHookEn                           0x00009706   Data           2  os_dbg.o(.constdata)
    OSTCBPrioTblMax                          0x00009708   Data           2  os_dbg.o(.constdata)
    OSTCBSize                                0x0000970a   Data           2  os_dbg.o(.constdata)
    OSTicksPerSec                            0x0000970c   Data           2  os_dbg.o(.constdata)
    OSTimeTickHookEn                         0x0000970e   Data           2  os_dbg.o(.constdata)
    OSVersionNbr                             0x00009710   Data           2  os_dbg.o(.constdata)
    OSTmrEn                                  0x00009712   Data           2  os_dbg.o(.constdata)
    OSTmrCfgMax                              0x00009714   Data           2  os_dbg.o(.constdata)
    OSTmrCfgNameEn                           0x00009716   Data           2  os_dbg.o(.constdata)
    OSTmrCfgWheelSize                        0x00009718   Data           2  os_dbg.o(.constdata)
    OSTmrCfgTicksPerSec                      0x0000971a   Data           2  os_dbg.o(.constdata)
    OSTmrSize                                0x0000971c   Data           2  os_dbg.o(.constdata)
    OSTmrTblSize                             0x0000971e   Data           2  os_dbg.o(.constdata)
    OSTmrWheelSize                           0x00009720   Data           2  os_dbg.o(.constdata)
    OSTmrWheelTblSize                        0x00009722   Data           2  os_dbg.o(.constdata)
    OSDataSize                               0x00009724   Data           2  os_dbg.o(.constdata)
    sd_crc16_table                           0x00009764   Data         512  crccheck.o(.constdata)
    CRCR16_8408_Table                        0x00009964   Data          32  crccheck.o(.constdata)
    Region$$Table$$Base                      0x00009a8c   Number         0  anon$$obj.o(Region$$Table)
    Region$$Table$$Limit                     0x00009acc   Number         0  anon$$obj.o(Region$$Table)
    __ctype                                  0x00009af5   Data           0  lc_ctype_c.o(locale$$data)
    OSCtxSwCtr                               0x10000000   Data           4  os_core.o(.data)
    OSEventFreeList                          0x10000004   Data           4  os_core.o(.data)
    OSFlagFreeList                           0x10000008   Data           4  os_core.o(.data)
    OSCPUUsage                               0x1000000c   Data           1  os_core.o(.data)
    OSIdleCtrMax                             0x10000010   Data           4  os_core.o(.data)
    OSIdleCtrRun                             0x10000014   Data           4  os_core.o(.data)
    OSStatRdy                                0x10000018   Data           1  os_core.o(.data)
    OSIntNesting                             0x10000019   Data           1  os_core.o(.data)
    OSLockNesting                            0x1000001a   Data           1  os_core.o(.data)
    OSPrioCur                                0x1000001b   Data           1  os_core.o(.data)
    OSPrioHighRdy                            0x1000001c   Data           1  os_core.o(.data)
    OSRdyGrp                                 0x1000001d   Data           1  os_core.o(.data)
    OSRdyTbl                                 0x1000001e   Data           8  os_core.o(.data)
    OSRunning                                0x10000026   Data           1  os_core.o(.data)
    OSTaskCtr                                0x10000027   Data           1  os_core.o(.data)
    OSIdleCtr                                0x10000028   Data           4  os_core.o(.data)
    OSTCBCur                                 0x1000002c   Data           4  os_core.o(.data)
    OSTCBFreeList                            0x10000030   Data           4  os_core.o(.data)
    OSTCBHighRdy                             0x10000034   Data           4  os_core.o(.data)
    OSTCBList                                0x10000038   Data           4  os_core.o(.data)
    OSTickStepState                          0x1000003c   Data           1  os_core.o(.data)
    OSMemFreeList                            0x10000040   Data           4  os_core.o(.data)
    OSQFreeList                              0x10000044   Data           4  os_core.o(.data)
    OSTime                                   0x10000048   Data           4  os_core.o(.data)
    OSTmrFree                                0x1000004c   Data           2  os_core.o(.data)
    OSTmrUsed                                0x1000004e   Data           2  os_core.o(.data)
    OSTmrTime                                0x10000050   Data           4  os_core.o(.data)
    OSTmrSem                                 0x10000054   Data           4  os_core.o(.data)
    OSTmrSemSignal                           0x10000058   Data           4  os_core.o(.data)
    OSTmrFreeList                            0x1000005c   Data           4  os_core.o(.data)
    SystemCoreClock                          0x10000060   Data           4  system_lpc17xx.o(.data)
    _db_msg                                  0x10000064   Data           4  debug_frmwrk.o(.data)
    _db_msg_                                 0x10000068   Data           4  debug_frmwrk.o(.data)
    _db_char                                 0x1000006c   Data           4  debug_frmwrk.o(.data)
    _db_dec                                  0x10000070   Data           4  debug_frmwrk.o(.data)
    _db_dec_16                               0x10000074   Data           4  debug_frmwrk.o(.data)
    _db_dec_32                               0x10000078   Data           4  debug_frmwrk.o(.data)
    _db_hex                                  0x1000007c   Data           4  debug_frmwrk.o(.data)
    _db_hex_16                               0x10000080   Data           4  debug_frmwrk.o(.data)
    _db_hex_32                               0x10000084   Data           4  debug_frmwrk.o(.data)
    _db_get_char                             0x10000088   Data           4  debug_frmwrk.o(.data)
    iap_entry                                0x1000008c   Data           4  lpc17xx_iap.o(.data)
    flsherrflg                               0x10000090   Data           1  mx25l1602drv.o(.data)
    l_COM2TempRev                            0x10000094   Data           1  uart2.o(.data)
    RecNumCOM2                               0x10000095   Data           1  uart2.o(.data)
    l_COM2EndFlg                             0x10000096   Data           1  uart2.o(.data)
    l_COM2ConnTime                           0x10000098   Data           4  uart2.o(.data)
    l_COM2StartFlg                           0x1000009c   Data           1  uart2.o(.data)
    l_COM2TimeOutFlg                         0x1000009d   Data           1  uart2.o(.data)
    l_COM2FramRecEndFlg                      0x1000009e   Data           1  uart2.o(.data)
    com2RecTmp0                              0x1000009f   Data           1  uart2.o(.data)
    com2RecTmp1                              0x100000a0   Data           1  uart2.o(.data)
    com2RecTmp2                              0x100000a1   Data           1  uart2.o(.data)
    com2framend0times                        0x100000a2   Data           1  uart2.o(.data)
    l_COM0TempRev                            0x100000a4   Data           1  uart0.o(.data)
    RecNumCOM0                               0x100000a5   Data           1  uart0.o(.data)
    l_COM0EndFlg                             0x100000a6   Data           1  uart0.o(.data)
    l_COM0ConnTime                           0x100000a8   Data           4  uart0.o(.data)
    l_COM0StartFlg                           0x100000ac   Data           1  uart0.o(.data)
    l_COM0TimeOutFlg                         0x100000ad   Data           1  uart0.o(.data)
    l_COM0FramRecEndFlg                      0x100000ae   Data           1  uart0.o(.data)
    sLed                                     0x100000b0   Data         192  led.o(.data)
    HLAB_i                                   0x10000170   Data           1  led.o(.data)
    CurentTime                               0x10000174   Data           4  led.o(.data)
    OSEventTbl                               0x10000178   Data         240  os_core.o(.bss)
    OSFlagTbl                                0x10000268   Data          80  os_core.o(.bss)
    OSTaskStatStk                            0x100002b8   Data         512  os_core.o(.bss)
    OSTaskIdleStk                            0x100004b8   Data         512  os_core.o(.bss)
    OSTCBPrioTbl                             0x100006b8   Data         256  os_core.o(.bss)
    OSTCBTbl                                 0x100007b8   Data        1936  os_core.o(.bss)
    OSMemTbl                                 0x10000f48   Data         120  os_core.o(.bss)
    OSQTbl                                   0x10000fc0   Data          96  os_core.o(.bss)
    OSTmrTbl                                 0x10001020   Data         640  os_core.o(.bss)
    OSTmrTaskStk                             0x100012a0   Data         512  os_core.o(.bss)
    OSTmrWheelTbl                            0x100014a0   Data          64  os_core.o(.bss)
    OS_CPU_ExceptStk                         0x100014e0   Data         512  os_cpu_c.o(.bss)
    OS_CPU_ExceptStkBase                     0x2007c000   Data           4  os_cpu_c.o(.data)
    l_COM1TempRev                            0x2007c008   Data           1  uart1.o(.data)
    RecNumCOM1                               0x2007c009   Data           1  uart1.o(.data)
    l_COM1EndFlg                             0x2007c00a   Data           1  uart1.o(.data)
    l_COM1ConnTime                           0x2007c00c   Data           4  uart1.o(.data)
    l_COM1StartFlg                           0x2007c010   Data           1  uart1.o(.data)
    l_COM1TimeOutFlg                         0x2007c011   Data           1  uart1.o(.data)
    l_COM1FramRecEndFlg                      0x2007c012   Data           1  uart1.o(.data)
    Com1RecTmp0                              0x2007c013   Data           1  uart1.o(.data)
    Com1RecTmp1                              0x2007c014   Data           1  uart1.o(.data)
    Com1RecTmp2                              0x2007c015   Data           1  uart1.o(.data)
    com1framend0times                        0x2007c016   Data           1  uart1.o(.data)
    l_COM3TempRev                            0x2007c018   Data           1  uart3.o(.data)
    RecNumCom3                               0x2007c019   Data           1  uart3.o(.data)
    l_COM3EndFlg                             0x2007c01a   Data           1  uart3.o(.data)
    l_COM3ConnTime                           0x2007c01c   Data           4  uart3.o(.data)
    l_COM3StartFlg                           0x2007c020   Data           1  uart3.o(.data)
    l_COM3TimeOutFlg                         0x2007c021   Data           1  uart3.o(.data)
    l_COM3FramRecEndFlg                      0x2007c022   Data           1  uart3.o(.data)
    com3RecTmp0                              0x2007c023   Data           1  uart3.o(.data)
    com3RecTmp1                              0x2007c024   Data           1  uart3.o(.data)
    com3RecTmp2                              0x2007c025   Data           1  uart3.o(.data)
    com3framend0times                        0x2007c026   Data           1  uart3.o(.data)
    l_hostevtflg                             0x2007c228   Data           1  tmp.o(.data)
    l_recslaveaddr                           0x2007c230   Data           1  csnr.o(.data)
    l_recframnum                             0x2007c231   Data           1  csnr.o(.data)
    l_FramNum                                0x2007c232   Data           1  csnr.o(.data)
    pApp                                     0x2007c234   Data           4  iap_program_mcu.o(.data)
    __libspace_start                         0x2007d880   Data          96  libspace.o(.bss)
    __temporary_stack_top$libspace           0x2007d8e0   Data           0  libspace.o(.bss)



==============================================================================

Memory Map of the image

  Image Entry point : 0x000000cd

  Load Region LR_IROM1 (Base: 0x00000000, Size: 0x00009fc0, Max: 0x00040000, ABSOLUTE, COMPRESSED[0x00009d38])

    Execution Region ER_IROM1 (Base: 0x00000000, Size: 0x00009bf8, Max: 0x00040000, ABSOLUTE)

    Base Addr    Size         Type   Attr      Idx    E Section Name        Object

    0x00000000   0x000000cc   Data   RO          372    RESET               startup_lpc17xx.o
    0x000000cc   0x00000008   Code   RO         1710  * !!!main             c_w.l(__main.o)
    0x000000d4   0x00000034   Code   RO         2046    !!!scatter          c_w.l(__scatter.o)
    0x00000108   0x0000005a   Code   RO         2044    !!dczerorl2         c_w.l(__dczerorl2.o)
    0x00000162   0x00000002   PAD
    0x00000164   0x0000001c   Code   RO         2048    !!handler_zi        c_w.l(__scatter_zi.o)
    0x00000180   0x00000000   Code   RO         1806    .ARM.Collect$$_printf_percent$$00000000  c_w.l(_printf_percent.o)
    0x00000180   0x00000006   Code   RO         1795    .ARM.Collect$$_printf_percent$$00000001  c_w.l(_printf_n.o)
    0x00000186   0x00000006   Code   RO         1797    .ARM.Collect$$_printf_percent$$00000002  c_w.l(_printf_p.o)
    0x0000018c   0x00000006   Code   RO         1802    .ARM.Collect$$_printf_percent$$00000003  c_w.l(_printf_f.o)
    0x00000192   0x00000006   Code   RO         1803    .ARM.Collect$$_printf_percent$$00000004  c_w.l(_printf_e.o)
    0x00000198   0x00000006   Code   RO         1804    .ARM.Collect$$_printf_percent$$00000005  c_w.l(_printf_g.o)
    0x0000019e   0x00000006   Code   RO         1805    .ARM.Collect$$_printf_percent$$00000006  c_w.l(_printf_a.o)
    0x000001a4   0x0000000a   Code   RO         1810    .ARM.Collect$$_printf_percent$$00000007  c_w.l(_printf_ll.o)
    0x000001ae   0x00000006   Code   RO         1799    .ARM.Collect$$_printf_percent$$00000008  c_w.l(_printf_i.o)
    0x000001b4   0x00000006   Code   RO         1800    .ARM.Collect$$_printf_percent$$00000009  c_w.l(_printf_d.o)
    0x000001ba   0x00000006   Code   RO         1801    .ARM.Collect$$_printf_percent$$0000000A  c_w.l(_printf_u.o)
    0x000001c0   0x00000006   Code   RO         1798    .ARM.Collect$$_printf_percent$$0000000B  c_w.l(_printf_o.o)
    0x000001c6   0x00000006   Code   RO         1796    .ARM.Collect$$_printf_percent$$0000000C  c_w.l(_printf_x.o)
    0x000001cc   0x00000006   Code   RO         1807    .ARM.Collect$$_printf_percent$$0000000D  c_w.l(_printf_lli.o)
    0x000001d2   0x00000006   Code   RO         1808    .ARM.Collect$$_printf_percent$$0000000E  c_w.l(_printf_lld.o)
    0x000001d8   0x00000006   Code   RO         1809    .ARM.Collect$$_printf_percent$$0000000F  c_w.l(_printf_llu.o)
    0x000001de   0x00000006   Code   RO         1814    .ARM.Collect$$_printf_percent$$00000010  c_w.l(_printf_llo.o)
    0x000001e4   0x00000006   Code   RO         1815    .ARM.Collect$$_printf_percent$$00000011  c_w.l(_printf_llx.o)
    0x000001ea   0x0000000a   Code   RO         1811    .ARM.Collect$$_printf_percent$$00000012  c_w.l(_printf_l.o)
    0x000001f4   0x00000006   Code   RO         1793    .ARM.Collect$$_printf_percent$$00000013  c_w.l(_printf_c.o)
    0x000001fa   0x00000006   Code   RO         1794    .ARM.Collect$$_printf_percent$$00000014  c_w.l(_printf_s.o)
    0x00000200   0x00000006   Code   RO         1812    .ARM.Collect$$_printf_percent$$00000015  c_w.l(_printf_lc.o)
    0x00000206   0x00000006   Code   RO         1813    .ARM.Collect$$_printf_percent$$00000016  c_w.l(_printf_ls.o)
    0x0000020c   0x00000004   Code   RO         1850    .ARM.Collect$$_printf_percent$$00000017  c_w.l(_printf_percent_end.o)
    0x00000210   0x00000002   Code   RO         1907    .ARM.Collect$$libinit$$00000000  c_w.l(libinit.o)
    0x00000212   0x00000000   Code   RO         1927    .ARM.Collect$$libinit$$00000002  c_w.l(libinit2.o)
    0x00000212   0x00000000   Code   RO         1929    .ARM.Collect$$libinit$$00000004  c_w.l(libinit2.o)
    0x00000212   0x00000000   Code   RO         1932    .ARM.Collect$$libinit$$0000000A  c_w.l(libinit2.o)
    0x00000212   0x00000000   Code   RO         1934    .ARM.Collect$$libinit$$0000000C  c_w.l(libinit2.o)
    0x00000212   0x00000000   Code   RO         1936    .ARM.Collect$$libinit$$0000000E  c_w.l(libinit2.o)
    0x00000212   0x00000006   Code   RO         1937    .ARM.Collect$$libinit$$0000000F  c_w.l(libinit2.o)
    0x00000218   0x00000000   Code   RO         1939    .ARM.Collect$$libinit$$00000011  c_w.l(libinit2.o)
    0x00000218   0x0000000c   Code   RO         1940    .ARM.Collect$$libinit$$00000012  c_w.l(libinit2.o)
    0x00000224   0x00000000   Code   RO         1941    .ARM.Collect$$libinit$$00000013  c_w.l(libinit2.o)
    0x00000224   0x00000000   Code   RO         1943    .ARM.Collect$$libinit$$00000015  c_w.l(libinit2.o)
    0x00000224   0x0000000a   Code   RO         1944    .ARM.Collect$$libinit$$00000016  c_w.l(libinit2.o)
    0x0000022e   0x00000000   Code   RO         1945    .ARM.Collect$$libinit$$00000017  c_w.l(libinit2.o)
    0x0000022e   0x00000000   Code   RO         1947    .ARM.Collect$$libinit$$00000019  c_w.l(libinit2.o)
    0x0000022e   0x00000000   Code   RO         1949    .ARM.Collect$$libinit$$0000001B  c_w.l(libinit2.o)
    0x0000022e   0x00000000   Code   RO         1951    .ARM.Collect$$libinit$$0000001D  c_w.l(libinit2.o)
    0x0000022e   0x00000000   Code   RO         1953    .ARM.Collect$$libinit$$0000001F  c_w.l(libinit2.o)
    0x0000022e   0x00000000   Code   RO         1955    .ARM.Collect$$libinit$$00000021  c_w.l(libinit2.o)
    0x0000022e   0x00000000   Code   RO         1957    .ARM.Collect$$libinit$$00000023  c_w.l(libinit2.o)
    0x0000022e   0x00000000   Code   RO         1959    .ARM.Collect$$libinit$$00000025  c_w.l(libinit2.o)
    0x0000022e   0x00000000   Code   RO         1963    .ARM.Collect$$libinit$$0000002C  c_w.l(libinit2.o)
    0x0000022e   0x00000000   Code   RO         1965    .ARM.Collect$$libinit$$0000002E  c_w.l(libinit2.o)
    0x0000022e   0x00000000   Code   RO         1967    .ARM.Collect$$libinit$$00000030  c_w.l(libinit2.o)
    0x0000022e   0x00000000   Code   RO         1969    .ARM.Collect$$libinit$$00000032  c_w.l(libinit2.o)
    0x0000022e   0x00000002   Code   RO         1970    .ARM.Collect$$libinit$$00000033  c_w.l(libinit2.o)
    0x00000230   0x00000002   Code   RO         2001    .ARM.Collect$$libshutdown$$00000000  c_w.l(libshutdown.o)
    0x00000232   0x00000000   Code   RO         2027    .ARM.Collect$$libshutdown$$00000002  c_w.l(libshutdown2.o)
    0x00000232   0x00000000   Code   RO         2029    .ARM.Collect$$libshutdown$$00000004  c_w.l(libshutdown2.o)
    0x00000232   0x00000000   Code   RO         2032    .ARM.Collect$$libshutdown$$00000007  c_w.l(libshutdown2.o)
    0x00000232   0x00000000   Code   RO         2035    .ARM.Collect$$libshutdown$$0000000A  c_w.l(libshutdown2.o)
    0x00000232   0x00000000   Code   RO         2037    .ARM.Collect$$libshutdown$$0000000C  c_w.l(libshutdown2.o)
    0x00000232   0x00000000   Code   RO         2040    .ARM.Collect$$libshutdown$$0000000F  c_w.l(libshutdown2.o)
    0x00000232   0x00000002   Code   RO         2041    .ARM.Collect$$libshutdown$$00000010  c_w.l(libshutdown2.o)
    0x00000234   0x00000000   Code   RO         1720    .ARM.Collect$$rtentry$$00000000  c_w.l(__rtentry.o)
    0x00000234   0x00000000   Code   RO         1822    .ARM.Collect$$rtentry$$00000002  c_w.l(__rtentry2.o)
    0x00000234   0x00000006   Code   RO         1834    .ARM.Collect$$rtentry$$00000004  c_w.l(__rtentry4.o)
    0x0000023a   0x00000000   Code   RO         1824    .ARM.Collect$$rtentry$$00000009  c_w.l(__rtentry2.o)
    0x0000023a   0x00000004   Code   RO         1825    .ARM.Collect$$rtentry$$0000000A  c_w.l(__rtentry2.o)
    0x0000023e   0x00000000   Code   RO         1827    .ARM.Collect$$rtentry$$0000000C  c_w.l(__rtentry2.o)
    0x0000023e   0x00000008   Code   RO         1828    .ARM.Collect$$rtentry$$0000000D  c_w.l(__rtentry2.o)
    0x00000246   0x00000002   Code   RO         1915    .ARM.Collect$$rtexit$$00000000  c_w.l(rtexit.o)
    0x00000248   0x00000000   Code   RO         1974    .ARM.Collect$$rtexit$$00000002  c_w.l(rtexit2.o)
    0x00000248   0x00000004   Code   RO         1975    .ARM.Collect$$rtexit$$00000003  c_w.l(rtexit2.o)
    0x0000024c   0x00000006   Code   RO         1976    .ARM.Collect$$rtexit$$00000004  c_w.l(rtexit2.o)
    0x00000252   0x00000012   Code   RO          194    .text               app.o
    0x00000264   0x00000010   Code   RO          347    .text               app_hooks.o
    0x00000274   0x0000003c   Code   RO          374    .text               startup_lpc17xx.o
    0x000002b0   0x00000004   Code   RO          730    .text               lpc17xx_libcfg_default.o
    0x000002b4   0x00000044   Code   RO         1102    .text               gpio_test.o
    0x000002f8   0x00000002   Code   RO         1990    .text               c_w.l(use_no_semi.o)
    0x000002fa   0x00000000   Code   RO         1992    .text               c_w.l(indicate_semi.o)
    0x000002fa   0x00000000   Code   RO         1820    x$fpl$usenofp       fz_ws.l(usenofp.o)
    0x000002fa   0x00000002   PAD
    0x000002fc   0x00000004   Code   RO          373    .ARM.__at_0x02FC    startup_lpc17xx.o
    0x00000300   0x00000cf0   Code   RO            1    .text               os_core.o
    0x00000ff0   0x0000080c   Code   RO           33    .text               os_flag.o
    0x000017fc   0x000001e4   Code   RO           61    .text               os_mem.o
    0x000019e0   0x00000600   Code   RO           85    .text               os_q.o
    0x00001fe0   0x000003a4   Code   RO           97    .text               os_sem.o
    0x00002384   0x00000828   Code   RO          109    .text               os_task.o
    0x00002bac   0x000001b0   Code   RO          121    .text               os_time.o
    0x00002d5c   0x00000670   Code   RO          133    .text               os_tmr.o
    0x000033cc   0x0000015c   Code   RO          145    .text               os_dbg.o
    0x00003528   0x00000190   Code   RO          168    .text               os_cpu_c.o
    0x000036b8   0x0000028c   Code   RO          383    .text               system_lpc17xx.o
    0x00003944   0x000004b0   Code   RO          413    .text               debug_frmwrk.o
    0x00003df4   0x00000140   Code   RO          516    .text               lpc17xx_clkpwr.o
    0x00003f34   0x000001d0   Code   RO          708    .text               lpc17xx_iap.o
    0x00004104   0x00000100   Code   RO          799    .text               lpc17xx_pinsel.o
    0x00004204   0x00000180   Code   RO          979    .text               lpc17xx_systick.o
    0x00004384   0x00000e50   Code   RO         1027    .text               lpc17xx_uart.o
    0x000051d4   0x00000230   Code   RO         1054    .text               lpc17xx_wdt.o
    0x00005404   0x0000040c   Code   RO         1078    .text               lpc17xx_gpio.o
    0x00005810   0x000005c4   Code   RO         1132    .text               mx25l1602drv.o
    0x00005dd4   0x00000138   Code   RO         1174    .text               gpio_app.o
    0x00005f0c   0x0000033c   Code   RO         1201    .text               uart1.o
    0x00006248   0x0000033c   Code   RO         1233    .text               uart2.o
    0x00006584   0x0000034c   Code   RO         1261    .text               uart3.o
    0x000068d0   0x000002c4   Code   RO         1289    .text               uart0.o
    0x00006b94   0x00000134   Code   RO         1375    .text               crccheck.o
    0x00006cc8   0x00000156   Code   RO         1404    .text               fifo.o
    0x00006e1e   0x00000002   PAD
    0x00006e20   0x000000ac   Code   RO         1455    .text               tmp.o
    0x00006ecc   0x000002b8   Code   RO         1490    .text               csnr.o
    0x00007184   0x000006ac   Code   RO         1519    .text               iap_program_mcu.o
    0x00007830   0x000002c8   Code   RO         1614    .text               led.o
    0x00007af8   0x00000028   Code   RO         1643    .text               watchdog.o
    0x00007b20   0x000000ee   Code   RO         1694    .text               c_w.l(lludivv7m.o)
    0x00007c0e   0x00000002   PAD
    0x00007c10   0x00000024   Code   RO         1696    .text               c_w.l(c89vsprintf.o)
    0x00007c34   0x0000003e   Code   RO         1698    .text               c_w.l(strlen.o)
    0x00007c72   0x0000008a   Code   RO         1700    .text               c_w.l(rt_memcpy_v6.o)
    0x00007cfc   0x00000064   Code   RO         1702    .text               c_w.l(rt_memcpy_w.o)
    0x00007d60   0x0000004e   Code   RO         1704    .text               c_w.l(rt_memclr_w.o)
    0x00007dae   0x00000002   PAD
    0x00007db0   0x00000080   Code   RO         1706    .text               c_w.l(strcmpv7m.o)
    0x00007e30   0x00000006   Code   RO         1708    .text               c_w.l(heapauxi.o)
    0x00007e36   0x0000004e   Code   RO         1727    .text               c_w.l(_printf_pad.o)
    0x00007e84   0x00000024   Code   RO         1729    .text               c_w.l(_printf_truncate.o)
    0x00007ea8   0x00000052   Code   RO         1731    .text               c_w.l(_printf_str.o)
    0x00007efa   0x00000002   PAD
    0x00007efc   0x00000078   Code   RO         1733    .text               c_w.l(_printf_dec.o)
    0x00007f74   0x00000028   Code   RO         1735    .text               c_w.l(_printf_charcount.o)
    0x00007f9c   0x00000030   Code   RO         1737    .text               c_w.l(_printf_char_common.o)
    0x00007fcc   0x0000000a   Code   RO         1739    .text               c_w.l(_sputc.o)
    0x00007fd6   0x00000002   PAD
    0x00007fd8   0x000000bc   Code   RO         1741    .text               c_w.l(_printf_wctomb.o)
    0x00008094   0x0000007c   Code   RO         1744    .text               c_w.l(_printf_longlong_dec.o)
    0x00008110   0x00000070   Code   RO         1750    .text               c_w.l(_printf_oct_int_ll.o)
    0x00008180   0x00000094   Code   RO         1770    .text               c_w.l(_printf_hex_int_ll_ptr.o)
    0x00008214   0x00000188   Code   RO         1790    .text               c_w.l(__printf_flags_ss_wp.o)
    0x0000839c   0x0000008a   Code   RO         1838    .text               c_w.l(lludiv10.o)
    0x00008426   0x000000b2   Code   RO         1840    .text               c_w.l(_printf_intcommon.o)
    0x000084d8   0x0000041a   Code   RO         1842    .text               c_w.l(_printf_fp_dec.o)
    0x000088f2   0x0000002c   Code   RO         1846    .text               c_w.l(_printf_char.o)
    0x0000891e   0x0000002c   Code   RO         1848    .text               c_w.l(_printf_wchar.o)
    0x0000894a   0x00000040   Code   RO         1851    .text               c_w.l(_wcrtomb.o)
    0x0000898a   0x0000004a   Code   RO         1857    .text               c_w.l(sys_stackheap_outer.o)
    0x000089d4   0x00000010   Code   RO         1859    .text               c_w.l(rt_ctype_table.o)
    0x000089e4   0x00000008   Code   RO         1864    .text               c_w.l(rt_locale_intlibspace.o)
    0x000089ec   0x00000080   Code   RO         1866    .text               c_w.l(_printf_fp_infnan.o)
    0x00008a6c   0x000000dc   Code   RO         1868    .text               c_w.l(bigflt0.o)
    0x00008b48   0x00000012   Code   RO         1896    .text               c_w.l(exit.o)
    0x00008b5a   0x00000002   PAD
    0x00008b5c   0x00000008   Code   RO         1912    .text               c_w.l(libspace.o)
    0x00008b64   0x0000000c   Code   RO         1971    .text               c_w.l(sys_exit.o)
    0x00008b70   0x0000003e   Code   RO         1871    CL$$btod_d2e        c_w.l(btod.o)
    0x00008bae   0x00000046   Code   RO         1873    CL$$btod_d2e_denorm_low  c_w.l(btod.o)
    0x00008bf4   0x00000060   Code   RO         1872    CL$$btod_d2e_norm_op1  c_w.l(btod.o)
    0x00008c54   0x00000338   Code   RO         1881    CL$$btod_div_common  c_w.l(btod.o)
    0x00008f8c   0x000000c6   Code   RO         1878    CL$$btod_e2e        c_w.l(btod.o)
    0x00009052   0x00000028   Code   RO         1875    CL$$btod_ediv       c_w.l(btod.o)
    0x0000907a   0x00000028   Code   RO         1874    CL$$btod_emul       c_w.l(btod.o)
    0x000090a2   0x00000244   Code   RO         1880    CL$$btod_mult_common  c_w.l(btod.o)
    0x000092e6   0x00000002   PAD
    0x000092e8   0x000000a0   Code   RO          164    OSKernelschedular   os_cpu_a.o
    0x00009388   0x00000028   Code   RO         1910    i.__ARM_fpclassify  m_ws.l(fpclassify.o)
    0x000093b0   0x0000000e   Code   RO         1783    i._is_digit         c_w.l(__printf_wp.o)
    0x000093be   0x00000002   PAD
    0x000093c0   0x0000002c   Code   RO         1894    locale$$code        c_w.l(lc_numeric_c.o)
    0x000093ec   0x0000002c   Code   RO         1920    locale$$code        c_w.l(lc_ctype_c.o)
    0x00009418   0x00000018   Code   RO         1853    x$fpl$fcmpinf       fz_ws.l(fcmpi.o)
    0x00009430   0x00000026   Code   RO         1712    x$fpl$ffltu         fz_ws.l(fflt_clz.o)
    0x00009456   0x00000002   PAD
    0x00009458   0x00000068   Code   RO         1816    x$fpl$fleqf         fz_ws.l(fleqf.o)
    0x000094c0   0x0000008c   Code   RO         1855    x$fpl$fnaninf       fz_ws.l(fnaninf.o)
    0x0000954c   0x00000062   Code   RO         1718    x$fpl$frleqf        fz_ws.l(frleqf.o)
    0x000095ae   0x00000004   Code   RO         1818    x$fpl$printf1       fz_ws.l(printf1.o)
    0x000095b2   0x00000100   Data   RO            3    .constdata          os_core.o
    0x000096b2   0x00000002   PAD
    0x000096b4   0x00000072   Data   RO          146    .constdata          os_dbg.o
    0x00009726   0x00000002   PAD
    0x00009728   0x0000003c   Data   RO         1176    .constdata          gpio_app.o
    0x00009764   0x00000220   Data   RO         1377    .constdata          crccheck.o
    0x00009984   0x00000030   Data   RO         1616    .constdata          led.o
    0x000099b4   0x00000008   Data   RO         1742    .constdata          c_w.l(_printf_wctomb.o)
    0x000099bc   0x00000028   Data   RO         1771    .constdata          c_w.l(_printf_hex_int_ll_ptr.o)
    0x000099e4   0x00000011   Data   RO         1791    .constdata          c_w.l(__printf_flags_ss_wp.o)
    0x000099f5   0x00000003   PAD
    0x000099f8   0x00000094   Data   RO         1869    .constdata          c_w.l(bigflt0.o)
    0x00009a8c   0x00000040   Data   RO         2042    Region$$Table       anon$$obj.o
    0x00009acc   0x0000001c   Data   RO         1893    locale$$data        c_w.l(lc_numeric_c.o)
    0x00009ae8   0x00000110   Data   RO         1919    locale$$data        c_w.l(lc_ctype_c.o)


    Execution Region RW_IRAM1 (Base: 0x10000000, Size: 0x000018e0, Max: 0x00008000, ABSOLUTE, COMPRESSED[0x00000014])

    Base Addr    Size         Type   Attr      Idx    E Section Name        Object

    0x10000000   0x00000060   Data   RW            4    .data               os_core.o
    0x10000060   0x00000004   Data   RW          384    .data               system_lpc17xx.o
    0x10000064   0x00000028   Data   RW          414    .data               debug_frmwrk.o
    0x1000008c   0x00000004   Data   RW          709    .data               lpc17xx_iap.o
    0x10000090   0x00000001   Data   RW         1134    .data               mx25l1602drv.o
    0x10000091   0x00000003   PAD
    0x10000094   0x0000000f   Data   RW         1235    .data               uart2.o
    0x100000a3   0x00000001   PAD
    0x100000a4   0x0000000b   Data   RW         1291    .data               uart0.o
    0x100000af   0x00000001   PAD
    0x100000b0   0x000000c8   Data   RW         1617    .data               led.o
    0x10000178   0x00001368   Zero   RW            2    .bss                os_core.o
    0x100014e0   0x00000200   Zero   RW          169    .bss                os_cpu_c.o
    0x100016e0   0x00000200   Zero   RW          370    STACK               startup_lpc17xx.o


    Execution Region RW_IRAM2 (Base: 0x2007c000, Size: 0x000018e0, Max: 0x00008000, ABSOLUTE, COMPRESSED[0x0000012c])

    Base Addr    Size         Type   Attr      Idx    E Section Name        Object

    0x2007c000   0x00000006   Data   RW          170    .data               os_cpu_c.o
    0x2007c006   0x00000002   PAD
    0x2007c008   0x0000000f   Data   RW         1203    .data               uart1.o
    0x2007c017   0x00000001   PAD
    0x2007c018   0x0000000f   Data   RW         1263    .data               uart3.o
    0x2007c027   0x00000200   Data   RW         1378    .data               crccheck.o
    0x2007c227   0x00000001   PAD
    0x2007c228   0x00000008   Data   RW         1457    .data               tmp.o
    0x2007c230   0x00000004   Data   RW         1492    .data               csnr.o
    0x2007c234   0x0000001a   Data   RW         1521    .data               iap_program_mcu.o
    0x2007c24e   0x00000002   PAD
    0x2007c250   0x0000030c   Zero   RW         1202    .bss                uart1.o
    0x2007c55c   0x0000030c   Zero   RW         1234    .bss                uart2.o
    0x2007c868   0x0000030c   Zero   RW         1262    .bss                uart3.o
    0x2007cb74   0x0000030c   Zero   RW         1290    .bss                uart0.o
    0x2007ce80   0x00000a00   Zero   RW         1520    .bss                iap_program_mcu.o
    0x2007d880   0x00000060   Zero   RW         1913    .bss                c_w.l(libspace.o)
    0x2007d8e0   0x00000000   Zero   RW          371    HEAP                startup_lpc17xx.o


==============================================================================

Image component sizes


      Code (inc. data)   RO Data    RW Data    ZI Data      Debug   Object Name

        18          0          0          0          0      36535   app.o
        16          0          0          0          0       1242   app_hooks.o
       308         16        544        512          0       3112   crccheck.o
       696         64          0          4          0       3012   csnr.o
      1200         74          0         40          0       5612   debug_frmwrk.o
       342          0          0          0          0       3274   fifo.o
       312          6         60          0          0       2018   gpio_app.o
        68         10          0          0          0      27115   gpio_test.o
      1708        422          0         26       2560       8305   iap_program_mcu.o
       712         18         48        200          0       2907   led.o
         0          0          0          0          0       1452   lpc17xx_adc.o
       320         22          0          0          0       1783   lpc17xx_clkpwr.o
      1036         28          0          0          0       8907   lpc17xx_gpio.o
       464         10          0          4          0       4198   lpc17xx_iap.o
         4          0          0          0          0        735   lpc17xx_libcfg_default.o
       256          4          0          0          0       2197   lpc17xx_pinsel.o
       384         38          0          0          0       1592   lpc17xx_systick.o
      3664         94          0          0          0      19821   lpc17xx_uart.o
       560         42          0          0          0       2051   lpc17xx_wdt.o
      1476         34          0          1          0       8072   mx25l1602drv.o
      3312        278        256         96       4968      21295   os_core.o
       160         28          0          0          0        372   os_cpu_a.o
       400         30          0          6        512      12278   os_cpu_c.o
       348        230        114          0          0      11936   os_dbg.o
      2060         42          0          0          0      15627   os_flag.o
       484         16          0          0          0       3228   os_mem.o
      1536         36          0          0          0       5729   os_q.o
       932         22          0          0          0       4006   os_sem.o
      2088         68          0          0          0       7857   os_task.o
       432         30          0          0          0       1814   os_time.o
      1648        134          0          0          0       5697   os_tmr.o
        64         26        204          0        512        932   startup_lpc17xx.o
       652         34          0          4          0       2141   system_lpc17xx.o
       172         22          0          8          0       3519   tmp.o
       708         50          0         11        780       4167   uart0.o
       828         60          0         15        780      31024   uart1.o
       828         60          0         15        780       4489   uart2.o
       844         62          0         15        780       4745   uart3.o
        40          6          0          0          0        696   watchdog.o

    ----------------------------------------------------------------------
     31082       2116       1294        968      11672     285492   Object Totals
         0          0         64          0          0          0   (incl. Generated)
         2          0          4         11          0          0   (incl. Padding)

    ----------------------------------------------------------------------

      Code (inc. data)   RO Data    RW Data    ZI Data      Debug   Library Member Name

        90          0          0          0          0          0   __dczerorl2.o
         8          0          0          0          0         68   __main.o
       392          4         17          0          0         92   __printf_flags_ss_wp.o
        14          0          0          0          0         68   __printf_wp.o
         0          0          0          0          0          0   __rtentry.o
        12          0          0          0          0          0   __rtentry2.o
         6          0          0          0          0          0   __rtentry4.o
        52          8          0          0          0          0   __scatter.o
        28          0          0          0          0          0   __scatter_zi.o
         6          0          0          0          0          0   _printf_a.o
         6          0          0          0          0          0   _printf_c.o
        44          0          0          0          0        108   _printf_char.o
        48          6          0          0          0         96   _printf_char_common.o
        40          0          0          0          0         68   _printf_charcount.o
         6          0          0          0          0          0   _printf_d.o
       120         16          0          0          0         92   _printf_dec.o
         6          0          0          0          0          0   _printf_e.o
         6          0          0          0          0          0   _printf_f.o
      1050          0          0          0          0        216   _printf_fp_dec.o
       128         16          0          0          0         84   _printf_fp_infnan.o
         6          0          0          0          0          0   _printf_g.o
       148          4         40          0          0        160   _printf_hex_int_ll_ptr.o
         6          0          0          0          0          0   _printf_i.o
       178          0          0          0          0         88   _printf_intcommon.o
        10          0          0          0          0          0   _printf_l.o
         6          0          0          0          0          0   _printf_lc.o
        10          0          0          0          0          0   _printf_ll.o
         6          0          0          0          0          0   _printf_lld.o
         6          0          0          0          0          0   _printf_lli.o
         6          0          0          0          0          0   _printf_llo.o
         6          0          0          0          0          0   _printf_llu.o
         6          0          0          0          0          0   _printf_llx.o
       124         16          0          0          0         92   _printf_longlong_dec.o
         6          0          0          0          0          0   _printf_ls.o
         6          0          0          0          0          0   _printf_n.o
         6          0          0          0          0          0   _printf_o.o
       112         10          0          0          0        124   _printf_oct_int_ll.o
         6          0          0          0          0          0   _printf_p.o
        78          0          0          0          0        108   _printf_pad.o
         0          0          0          0          0          0   _printf_percent.o
         4          0          0          0          0          0   _printf_percent_end.o
         6          0          0          0          0          0   _printf_s.o
        82          0          0          0          0         80   _printf_str.o
        36          0          0          0          0         84   _printf_truncate.o
         6          0          0          0          0          0   _printf_u.o
        44          0          0          0          0        108   _printf_wchar.o
       188          6          8          0          0         92   _printf_wctomb.o
         6          0          0          0          0          0   _printf_x.o
        10          0          0          0          0         68   _sputc.o
        64          0          0          0          0         92   _wcrtomb.o
       220          4        148          0          0         96   bigflt0.o
      1910        128          0          0          0        672   btod.o
        36          4          0          0          0         76   c89vsprintf.o
        18          0          0          0          0         80   exit.o
         6          0          0          0          0        152   heapauxi.o
         0          0          0          0          0          0   indicate_semi.o
        44         10        272          0          0         76   lc_ctype_c.o
        44         10         28          0          0         76   lc_numeric_c.o
         2          0          0          0          0          0   libinit.o
        30          0          0          0          0          0   libinit2.o
         2          0          0          0          0          0   libshutdown.o
         2          0          0          0          0          0   libshutdown2.o
         8          4          0          0         96         68   libspace.o
       138          0          0          0          0         80   lludiv10.o
       238          0          0          0          0        100   lludivv7m.o
        16          4          0          0          0         76   rt_ctype_table.o
         8          4          0          0          0         68   rt_locale_intlibspace.o
        78          0          0          0          0         80   rt_memclr_w.o
       138          0          0          0          0         68   rt_memcpy_v6.o
       100          0          0          0          0         80   rt_memcpy_w.o
         2          0          0          0          0          0   rtexit.o
        10          0          0          0          0          0   rtexit2.o
       128          0          0          0          0         68   strcmpv7m.o
        62          0          0          0          0         76   strlen.o
        12          4          0          0          0         68   sys_exit.o
        74          0          0          0          0         80   sys_stackheap_outer.o
         2          0          0          0          0         68   use_no_semi.o
        24          0          0          0          0         68   fcmpi.o
        38          0          0          0          0         68   fflt_clz.o
       104          4          0          0          0         84   fleqf.o
       140          4          0          0          0         84   fnaninf.o
        98          0          0          0          0         68   frleqf.o
         4          0          0          0          0         68   printf1.o
         0          0          0          0          0          0   usenofp.o
        40          0          0          0          0         68   fpclassify.o

    ----------------------------------------------------------------------
      7036        266        516          0         96       4704   Library Totals
        20          0          3          0          0          0   (incl. Padding)

    ----------------------------------------------------------------------

      Code (inc. data)   RO Data    RW Data    ZI Data      Debug   Library Name

      6568        258        513          0         96       4196   c_w.l
       408          8          0          0          0        440   fz_ws.l
        40          0          0          0          0         68   m_ws.l

    ----------------------------------------------------------------------
      7036        266        516          0         96       4704   Library Totals

    ----------------------------------------------------------------------

==============================================================================


      Code (inc. data)   RO Data    RW Data    ZI Data      Debug   

     38118       2382       1810        968      11768     284108   Grand Totals
     38118       2382       1810        320      11768     284108   ELF Image Totals (compressed)
     38118       2382       1810        320          0          0   ROM Totals

==============================================================================

    Total RO  Size (Code + RO Data)                39928 (  38.99kB)
    Total RW  Size (RW Data + ZI Data)             12736 (  12.44kB)
    Total ROM Size (Code + RO Data + RW Data)      40248 (  39.30kB)

==============================================================================

