<html>
<body>
<pre>
<h1>µVision Build Log</h1>
<h2>Tool Versions:</h2>
IDE-Version: ¦ÌVision V5.23.0.0
Copyright (C) 2017 ARM Ltd and ARM Germany GmbH. All rights reserved.
License Information: 1 1, 1, LIC=JDAUH-WEDDI-ZDHK6-DE4J5-QL625-2TCTM
 
Tool Versions:
Toolchain:       MDK-ARM Professional  Version: 5.23
Toolchain Path:  C:\Keil_v5\ARM\ARMCC\Bin
C Compiler:      Armcc.exe V5.06 update 4 (build 422)
Assembler:       Armasm.exe V5.06 update 4 (build 422)
Linker/Locator:  ArmLink.exe V5.06 update 4 (build 422)
Library Manager: ArmAr.exe V5.06 update 4 (build 422)
Hex Converter:   FromElf.exe V5.06 update 4 (build 422)
CPU DLL:         SARMCM3.DLL V5.23
Dialog DLL:      DARMP1.DLL V1.27.0.0
Target DLL:      Segger\JL2CM3.dll V2.99.23.0
Dialog DLL:      TARMP1.DLL V1.26.0.0
 
<h2>Project:</h2>
F:\mdk\uCOS-II_IAP_mcu\uCOS-II\uCOS-II-IAPmcu.uvprojx
Project File Date:  09/20/2017

<h2>Output:</h2>
*** Using Compiler 'V5.06 update 4 (build 422)', folder: 'C:\Keil_v5\ARM\ARMCC\Bin'
Rebuild target 'Target 1'
compiling os_mem.c...
compiling os_mbox.c...
compiling os_q.c...
compiling os_flag.c...
compiling os_mutex.c...
compiling os_sem.c...
compiling os_core.c...
compiling os_time.c...
assembling os_cpu_a.asm...
compiling os_dbg.c...
compiling os_task.c...
compiling os_tmr.c...
compiling os_cpu_c.c...
assembling startup_LPC17xx.s...
compiling app.c...
compiling system_LPC17xx.c...
compiling debug_frmwrk.c...
CSB\source\debug_frmwrk.c(318): warning:  #223-D: function "SendCOM2" declared implicitly
     SendCOM2(a,strlen(a));
CSB\source\debug_frmwrk.c: 1 warning, 0 errors
compiling lpc17xx_clkpwr.c...
compiling app_hooks.c...
compiling lpc17xx_adc.c...
compiling lpc17xx_dac.c...
compiling lpc17xx_gpdma.c...
compiling lpc17xx_emac.c...
compiling lpc17xx_exti.c...
compiling lpc17xx_can.c...
compiling lpc17xx_i2s.c...
compiling lpc17xx_i2c.c...
compiling lpc17xx_libcfg_default.c...
compiling lpc17xx_iap.c...
compiling lpc17xx_nvic.c...
compiling lpc17xx_mcpwm.c...
compiling lpc17xx_pinsel.c...
compiling lpc17xx_rit.c...
compiling lpc17xx_pwm.c...
compiling lpc17xx_qei.c...
compiling lpc17xx_rtc.c...
compiling lpc17xx_systick.c...
compiling lpc17xx_spi.c...
compiling lpc17xx_ssp.c...
compiling lpc17xx_timer.c...
compiling lpc17xx_wdt.c...
compiling lpc17xx_uart.c...
compiling lpc17xx_gpio.c...
compiling GPIO_Test.c...
compiling GPIO_APP.c...
compiling MX25L1602Drv.c...
compiling UART2.c...
compiling UART1.c...
compiling UART3.c...
compiling UART0.c...
compiling ADC.c...
compiling timer.c...
APP_TEST\timer.c(72): warning:  #177-D: variable "clkdlycnt"  was declared but never referenced
  	uint64_t clkdlycnt;
APP_TEST\timer.c(231): warning:  #177-D: variable "clkdlycnt"  was declared but never referenced
  	uint64_t clkdlycnt;
APP_TEST\timer.c: 2 warnings, 0 errors
compiling CrcCheck.c...
compiling FIFO.c...
compiling GlobePara.c...
compiling tmp.c...
tmp.c(212): warning:  #111-D: statement is unreachable
  	return	1;
tmp.c: 1 warning, 0 errors
compiling csnr.c...
..\DipSoftware\SlaveConTask\csnr.c(161): warning:  #177-D: variable "FramNum"  was declared but never referenced
  	static	unsigned char FramNum =0;						//ÐòºÅ
..\DipSoftware\SlaveConTask\csnr.c: 1 warning, 0 errors
compiling IAP_program_mcu.C...
..\DipSoftware\IAP_MCU\IAP_program_mcu.C(43): warning:  #940-D: missing return statement at end of non-void function "ReadRs485DataIAP" 
  }
..\DipSoftware\IAP_MCU\IAP_program_mcu.C(77): warning:  #177-D: variable "cpu_sr"  was declared but never referenced
      uint8      cpu_sr;
..\DipSoftware\IAP_MCU\IAP_program_mcu.C(109): warning:  #177-D: variable "ptr"  was declared but never referenced
  	  uint8_t *ptr;
..\DipSoftware\IAP_MCU\IAP_program_mcu.C(111): warning:  #550-D: variable "flash_prog_area_sec_end"  was set but never used
  	  uint32_t flash_prog_area_sec_end;
..\DipSoftware\IAP_MCU\IAP_program_mcu.C(197): warning:  #177-D: variable "reclen"  was declared but never referenced
  		uint32		reclen 	= 0;	
..\DipSoftware\IAP_MCU\IAP_program_mcu.C(204): warning:  #177-D: variable "p"  was declared but never referenced
  		char		*p;
..\DipSoftware\IAP_MCU\IAP_program_mcu.C(205): warning:  #177-D: variable "i"  was declared but never referenced
  		uint32		i;
..\DipSoftware\IAP_MCU\IAP_program_mcu.C(336): warning:  #177-D: variable "status"  was declared but never referenced
      IAP_STATUS_CODE status;
..\DipSoftware\IAP_MCU\IAP_program_mcu.C(337): warning:  #177-D: variable "result"  was declared but never referenced
      uint32_t result[4];
..\DipSoftware\IAP_MCU\IAP_program_mcu.C(339): warning:  #177-D: variable "flash_prog_area_sec_start"  was declared but never referenced
      uint32_t flash_prog_area_sec_start;
..\DipSoftware\IAP_MCU\IAP_program_mcu.C(340): warning:  #177-D: variable "flash_prog_area_sec_end"  was declared but never referenced
      uint32_t flash_prog_area_sec_end;
..\DipSoftware\IAP_MCU\IAP_program_mcu.C(380): warning:  #188-D: enumerated type mixed with another type
..\DipSoftware\IAP_MCU\IAP_program_mcu.C(362): warning:  #550-D: variable "status"  was set but never used
      IAP_STATUS_CODE status;
..\DipSoftware\IAP_MCU\IAP_program_mcu.C(408): warning:  #550-D: variable "status"  was set but never used
      IAP_STATUS_CODE status;
..\DipSoftware\IAP_MCU\IAP_program_mcu.C(413): warning:  #177-D: variable "i"  was declared but never referenced
      int i;
..\DipSoftware\IAP_MCU\IAP_program_mcu.C: 15 warnings, 0 errors
compiling Display.c...
compiling WatchDog.C...
compiling Led.c...
compiling DS3231.c...
compiling IIC.c...
linking...
Program Size: Code=38098 RO-data=1810 RW-data=968 ZI-data=11768  
FromELF: creating hex file...
After Build - User command #1: C:\Keil\ARM\ARMCC\bin\fromelf.exe  --bin -o  "F:\mdk\uCOS-II_IAP_mcu\uCOS-II\Project\Output\uCOS-II-test.bin" "F:\mdk\uCOS-II_IAP_mcu\uCOS-II\Project\Output\uCOS-II-test.axf"
".\Project\Output\uCOS-II-test.axf" - 0 Error(s), 20 Warning(s).

<h2>Software Packages used:</h2>

Package Vendor: ARM
                http://www.keil.com/pack/ARM.CMSIS.5.0.1.pack
                ARM::CMSIS:CORE:5.0.1
                CMSIS (Cortex Microcontroller Software Interface Standard)
   * Component: CORE Version: 5.0.1

<h2>Collection of Component include folders:</h2>
  .\RTE\_Target_1
  C:\Keil_v5\ARM\PACK\ARM\CMSIS\5.0.1\CMSIS\Include
  C:\Keil_v5\ARM\PACK\Keil\LPC1700_DFP\2.3.0\Device\Include

<h2>Collection of Component Files used:</h2>

   * Component: ARM::CMSIS:CORE:5.0.1
Build Time Elapsed:  00:00:05
</pre>
</body>
</html>
